Component: ARM Compiler 5.06 update 6 (build 750) Tool: armlink [4d35ed]

==============================================================================

Section Cross References

    startup_stm32f10x_hd.o(STACK) refers (Special) to heapauxi.o(.text) for __use_two_region_memory
    startup_stm32f10x_hd.o(HEAP) refers (Special) to heapauxi.o(.text) for __use_two_region_memory
    startup_stm32f10x_hd.o(RESET) refers (Special) to heapauxi.o(.text) for __use_two_region_memory
    startup_stm32f10x_hd.o(RESET) refers to startup_stm32f10x_hd.o(STACK) for __initial_sp
    startup_stm32f10x_hd.o(RESET) refers to startup_stm32f10x_hd.o(.text) for Reset_Handler
    startup_stm32f10x_hd.o(RESET) refers to stm32f10x_it.o(.text) for NMI_Handler
    startup_stm32f10x_hd.o(.text) refers (Special) to heapauxi.o(.text) for __use_two_region_memory
    startup_stm32f10x_hd.o(.text) refers to system_stm32f10x.o(.text) for SystemInit
    startup_stm32f10x_hd.o(.text) refers to __main.o(!!!main) for __main
    startup_stm32f10x_hd.o(.text) refers to startup_stm32f10x_hd.o(HEAP) for Heap_Mem
    startup_stm32f10x_hd.o(.text) refers to startup_stm32f10x_hd.o(STACK) for Stack_Mem
    main.o(.text) refers to system_stm32f10x.o(.text) for SystemInit
    main.o(.text) refers to stm32f10x_rcc.o(.text) for RCC_APB2PeriphClockCmd
    main.o(.text) refers to pbdata.o(.text) for Get_SerialNum
    main.o(.text) refers to dealdata.o(.text) for StartUp_Init
    main.o(.text) refers to mb.o(.text) for eMBInit
    main.o(.text) refers to beep.o(.text) for BEEP_GPIO_Configuration
    main.o(.text) refers to lcd.o(.text) for BACK_GPIO_Configuration
    main.o(.text) refers to led.o(.text) for LED_GPIO_Configuration
    main.o(.text) refers to ioinput.o(.text) for IO_GPIO_Configuration
    main.o(.text) refers to tp4054.o(.text) for TP4054_GPIO_Configuration
    main.o(.text) refers to wifi.o(.text) for WIFIWakeUp_GPIO_Configuration
    main.o(.text) refers to key.o(.text) for KEY_Init
    main.o(.text) refers to lcdiic.o(.text) for I2C_Init
    main.o(.text) refers to ds1340iic.o(.text) for DS1340_I2C_Init
    main.o(.text) refers to ds1340.o(.text) for DS1340_Init
    main.o(.text) refers to spi.o(.text) for SPI_Configuration
    main.o(.text) refers to w25q64.o(.text) for W25_GPIO_Configuration
    main.o(.text) refers to storedata.o(.text) for StoreSysParamInit
    main.o(.text) refers to ad.o(.text) for POWER_AD_Init
    main.o(.text) refers to disdata.o(.text) for DIS_SystemInit
    main.o(.text) refers to usart.o(.text) for USART_Recieve_Process
    main.o(.text) refers to dealdata.o(.bss) for Sys_Para_T
    main.o(.text) refers to storedata.o(.bss) for STOREPARAM_U
    main.o(.text) refers to dealdata.o(.data) for MB_Mes
    pbdata.o(.text) refers to stm32f10x_rcc.o(.text) for RCC_DeInit
    pbdata.o(.text) refers to stm32f10x_flash.o(.text) for FLASH_Unlock
    pbdata.o(.text) refers to misc.o(.text) for NVIC_SystemLPConfig
    pbdata.o(.text) refers to stm32f10x_pwr.o(.text) for PWR_WakeUpPinCmd
    pbdata.o(.text) refers to pbdata.o(.bss) for STMID_T
    stm32f10x_it.o(.text) refers to pbdata.o(.text) for Reset_STM
    stm32f10x_it.o(.text) refers to stm32f10x_usart.o(.text) for USART_GetITStatus
    stm32f10x_it.o(.text) refers to usart.o(.text) for USART_Rx
    stm32f10x_it.o(.text) refers to portserial.o(.text) for prvvUARTRxISR
    stm32f10x_it.o(.text) refers to stm32f10x_tim.o(.text) for TIM_GetITStatus
    stm32f10x_it.o(.text) refers to porttimer.o(.text) for prvvTIMERExpiredISR
    stm32f10x_it.o(.text) refers to key.o(.text) for key_get
    stm32f10x_it.o(.text) refers to wifi.o(.bss) for WIFI_T
    stm32f10x_it.o(.text) refers to time.o(.data) for Timer4_T
    stm32f10x_it.o(.text) refers to key.o(.data) for Key_T
    time.o(.text) refers to stm32f10x_tim.o(.text) for TIM_TimeBaseInit
    time.o(.text) refers to misc.o(.text) for NVIC_PriorityGroupConfig
    time.o(.text) refers to dealdata.o(.text) for SystemDeep
    time.o(.text) refers to ds1340.o(.text) for Read_Time
    time.o(.text) refers to disdata.o(.text) for DIS_Time
    time.o(.text) refers to rt_memcpy_v6.o(.text) for __aeabi_memcpy
    time.o(.text) refers to lcd.o(.text) for Update_Display
    time.o(.text) refers to ad.o(.text) for ReadADCAverageValue
    time.o(.text) refers to fmul.o(x$fpl$fmul) for __aeabi_fmul
    time.o(.text) refers to storedata.o(.text) for StoreData
    time.o(.text) refers to wifi.o(.text) for CheckWifiLinkStatus
    time.o(.text) refers to time.o(.data) for Timer4_T
    time.o(.text) refers to usart.o(.bss) for USART_T
    time.o(.text) refers to menu.o(.data) for MEN_T
    time.o(.text) refers to ds1340.o(.bss) for TIME_T
    time.o(.text) refers to lcd.o(.bss) for DISBUF_U
    time.o(.text) refers to ad.o(.data) for AD_INDATA_T
    time.o(.text) refers to ds18b20.o(.data) for Ds18_T
    time.o(.text) refers to sht10_75.o(.bss) for SHT75_T
    time.o(.text) refers to myrtu.o(.bss) for usRegInputBuf
[...]
    Read_Time                                0x08002a93   Thumb Code   184  ds1340.o(.text)
    DS1340_Init                              0x08002b4b   Thumb Code    20  ds1340.o(.text)
    DS1340_I2C_Init                          0x08002b69   Thumb Code    46  ds1340iic.o(.text)
    DS1340_I2C_SDA_OUT                       0x08002b97   Thumb Code    30  ds1340iic.o(.text)
    DS1340_I2C_SDA_IN                        0x08002bb5   Thumb Code    24  ds1340iic.o(.text)
    DS1340_I2C_Start                         0x08002bcd   Thumb Code    52  ds1340iic.o(.text)
    DS1340_I2C_Stop                          0x08002c01   Thumb Code    52  ds1340iic.o(.text)
    DS1340_I2C_Ack                           0x08002c35   Thumb Code    52  ds1340iic.o(.text)
    DS1340_I2C_NAck                          0x08002c69   Thumb Code    52  ds1340iic.o(.text)
    DS1340_I2C_Wait_Ack                      0x08002c9d   Thumb Code    78  ds1340iic.o(.text)
    DS1340_I2C_Send_Byte                     0x08002ceb   Thumb Code    90  ds1340iic.o(.text)
    DS1340_I2C_Read_Byte                     0x08002d45   Thumb Code    86  ds1340iic.o(.text)
    BACKLIGHT_SET                            0x08002da1   Thumb Code   112  lcd.o(.text)
    BACK_GPIO_Configuration                  0x08002e11   Thumb Code    72  lcd.o(.text)
    LCD_WriteCMD                             0x08002e59   Thumb Code    46  lcd.o(.text)
    LCD_ReadRegPage                          0x08002e87   Thumb Code   104  lcd.o(.text)
    LCD_WriteRegPage                         0x08002eef   Thumb Code    76  lcd.o(.text)
    LCD_Init                                 0x08002f3b   Thumb Code    88  lcd.o(.text)
    LCD_CLOSE                                0x08002f93   Thumb Code    12  lcd.o(.text)
    Update_Display                           0x08002f9f   Thumb Code    22  lcd.o(.text)
    DIS_Suona                                0x08002fb5   Thumb Code    44  lcd.o(.text)
    DIS_Minus                                0x08002fe1   Thumb Code    44  lcd.o(.text)
    DIS_TOPDOWN                              0x0800300d   Thumb Code    74  lcd.o(.text)
    DIS_DC                                   0x08003057   Thumb Code    32  lcd.o(.text)
    DIS_KW                                   0x08003077   Thumb Code    32  lcd.o(.text)
    DIS_MV                                   0x08003097   Thumb Code    32  lcd.o(.text)
    DIS_ugm3                                 0x080030b7   Thumb Code    20  lcd.o(.text)
    DIS_PPM                                  0x080030cb   Thumb Code    20  lcd.o(.text)
    DIS_FD                                   0x080030df   Thumb Code    20  lcd.o(.text)
    DIS_PC                                   0x080030f3   Thumb Code    20  lcd.o(.text)
    DIS_KLX                                  0x08003107   Thumb Code    32  lcd.o(.text)
    DIS_KPa                                  0x08003127   Thumb Code    32  lcd.o(.text)
    DIS_ma                                   0x08003147   Thumb Code    32  lcd.o(.text)
    DIS_m_s                                  0x08003167   Thumb Code    20  lcd.o(.text)
    DIS_LOW_DC                               0x0800317b   Thumb Code    38  lcd.o(.text)
    DIS_FIRST_POINT                          0x080031a1   Thumb Code    20  lcd.o(.text)
    DIS_SECOND_POINT                         0x080031b5   Thumb Code    20  lcd.o(.text)
    DIS_SECOND1_POINT                        0x080031c9   Thumb Code    20  lcd.o(.text)
    DIS_FIRST_COLON                          0x080031dd   Thumb Code    94  lcd.o(.text)
    DIS_SENCOND_COLON                        0x0800323b   Thumb Code    94  lcd.o(.text)
    DIS_NUM_1                                0x08003299   Thumb Code   132  lcd.o(.text)
    DIS_NUM_6                                0x0800331d   Thumb Code   132  lcd.o(.text)
    DIS_NUM_2b1                              0x080033a1   Thumb Code   132  lcd.o(.text)
    DIS_NUM_2b2                              0x08003425   Thumb Code   132  lcd.o(.text)
    DIS_NUM_5b1                              0x080034a9   Thumb Code   132  lcd.o(.text)
    DIS_NUM_5b2                              0x0800352d   Thumb Code   142  lcd.o(.text)
    DIS_NUM_7b1                              0x080035bb   Thumb Code   132  lcd.o(.text)
    DIS_NUM_7b2                              0x0800363f   Thumb Code   132  lcd.o(.text)
    DIS_NUM_10b1                             0x080036c3   Thumb Code   132  lcd.o(.text)
    DIS_NUM_10b2                             0x08003747   Thumb Code   132  lcd.o(.text)
    DIS_NUM_21b1                             0x080037cb   Thumb Code   132  lcd.o(.text)
    DIS_NUM_21b2                             0x0800384f   Thumb Code   132  lcd.o(.text)
    DIS_NUM_24b1                             0x080038d3   Thumb Code   132  lcd.o(.text)
    DIS_NUM_24b2                             0x08003957   Thumb Code   142  lcd.o(.text)
    DIS_NUM_11                               0x080039e5   Thumb Code   132  lcd.o(.text)
    DIS_NUM_12                               0x08003a69   Thumb Code   132  lcd.o(.text)
    DIS_NUM_13                               0x08003aed   Thumb Code   132  lcd.o(.text)
    DIS_NUM_14                               0x08003b71   Thumb Code   132  lcd.o(.text)
    DIS_NUM_15                               0x08003bf5   Thumb Code   132  lcd.o(.text)
    DIS_NUM_16                               0x08003c79   Thumb Code   132  lcd.o(.text)
    DIS_NUM_17                               0x08003cfd   Thumb Code   132  lcd.o(.text)
    DIS_NUM_18                               0x08003d81   Thumb Code   142  lcd.o(.text)
    DIS_NUM_19                               0x08003e0f   Thumb Code   132  lcd.o(.text)
    DIS_NUM_20                               0x08003e93   Thumb Code   132  lcd.o(.text)
    DIS_NUM_N1_N2                            0x08003f17   Thumb Code    90  lcd.o(.text)
    DIS_N3                                   0x08003f71   Thumb Code    20  lcd.o(.text)
    DIS_N4                                   0x08003f85   Thumb Code    20  lcd.o(.text)
    DIS_No                                   0x08003f99   Thumb Code    20  lcd.o(.text)
    DIS_ID                                   0x08003fad   Thumb Code    20  lcd.o(.text)
    DIS_Usb                                  0x08003fc1   Thumb Code    20  lcd.o(.text)
    DIS_BlueTooth                            0x08003fd5   Thumb Code    20  lcd.o(.text)
    DIS_Printer                              0x08003fe9   Thumb Code    20  lcd.o(.text)
    DIS_Gps                                  0x08003ffd   Thumb Code    20  lcd.o(.text)
    DIS_Set                                  0x08004011   Thumb Code    20  lcd.o(.text)
    DIS_UpLoad                               0x08004025   Thumb Code    20  lcd.o(.text)
    DIS_Lock                                 0x08004039   Thumb Code   130  lcd.o(.text)
    DIS_Wifi                                 0x080040bb   Thumb Code   106  lcd.o(.text)
    DIS_Battery                              0x08004125   Thumb Code   106  lcd.o(.text)
    DIS_GPRS                                 0x0800418f   Thumb Code   150  lcd.o(.text)
    DIS_HMS                                  0x08004225   Thumb Code    68  lcd.o(.text)
    DIS_MonthAndDate                         0x08004269   Thumb Code     8  lcd.o(.text)
    I2C_Init                                 0x08004279   Thumb Code    52  lcdiic.o(.text)
    I2C_SDA_OUT                              0x080042ad   Thumb Code    32  lcdiic.o(.text)
    I2C_SDA_IN                               0x080042cd   Thumb Code    26  lcdiic.o(.text)
    I2C_Start                                0x080042e7   Thumb Code    60  lcdiic.o(.text)
    I2C_Stop                                 0x08004323   Thumb Code    60  lcdiic.o(.text)
    I2C_Ack                                  0x0800435f   Thumb Code    60  lcdiic.o(.text)
    I2C_NAck                                 0x0800439b   Thumb Code    60  lcdiic.o(.text)
    I2C_Wait_Ack                             0x080043d7   Thumb Code    86  lcdiic.o(.text)
    I2C_Send_Byte                            0x0800442d   Thumb Code   100  lcdiic.o(.text)
    I2C_Read_Byte                            0x08004491   Thumb Code    92  lcdiic.o(.text)
    LED_GPIO_Configuration                   0x080044f1   Thumb Code    40  led.o(.text)
    RELAY_GPIO_Configuration                 0x08004519   Thumb Code    40  led.o(.text)
    Delay                                    0x08004545   Thumb Code    10  sht10_75.o(.text)
    SHT75_Init                               0x0800454f   Thumb Code    40  sht10_75.o(.text)
    SHT75_10_SDA_OUT                         0x08004577   Thumb Code    34  sht10_75.o(.text)
    SHT75_10_SDA_IN                          0x08004599   Thumb Code    28  sht10_75.o(.text)
    SHT75_Write_Byte                         0x080045b5   Thumb Code   140  sht10_75.o(.text)
    SHT75_Read_Byte                          0x08004641   Thumb Code   166  sht10_75.o(.text)
    SHT75_Trans_Start                        0x080046e7   Thumb Code   136  sht10_75.o(.text)
    SHT75_Measure                            0x0800476f   Thumb Code   206  sht10_75.o(.text)
    SHT75_convert_temp                       0x0800483d   Thumb Code    36  sht10_75.o(.text)
    SHT75_convert_humi                       0x08004861   Thumb Code    56  sht10_75.o(.text)
    SHT75_GetData                            0x08004899   Thumb Code   128  sht10_75.o(.text)
    KEY_GPIO_Configuration                   0x0800493d   Thumb Code    44  key.o(.text)
    KEY_Init                                 0x08004969   Thumb Code    18  key.o(.text)
    key_get                                  0x0800497b   Thumb Code   108  key.o(.text)
    Key_Action                               0x080049e7   Thumb Code    60  key.o(.text)
    TP4054_GPIO_Configuration                0x08004a35   Thumb Code    24  tp4054.o(.text)
    DIS_0_MAC                                0x08004a51   Thumb Code   124  menu.o(.text)
    DIS_1_ModBusAddr                         0x08004acd   Thumb Code   324  menu.o(.text)
    DIS_2_ModBusBaud                         0x08004c11   Thumb Code   204  menu.o(.text)
    DIS_3_ModBusParity                       0x08004cdd   Thumb Code   204  menu.o(.text)
    DIS_4_BackLight                          0x08004da9   Thumb Code   212  menu.o(.text)
    DIS_5_MessageMode                        0x08004e7d   Thumb Code   204  menu.o(.text)
    DIS_6_SleepTime                          0x08004f49   Thumb Code   394  menu.o(.text)
    DIS_6_TH1Mode                            0x080050d3   Thumb Code   204  menu.o(.text)
    DIS_7_TH2Mode                            0x0800519f   Thumb Code   204  menu.o(.text)
    DIS_8_T3Mode                             0x0800526b   Thumb Code   210  menu.o(.text)
    DIS_10_19_Waring                         0x0800533d   Thumb Code   662  menu.o(.text)
    DIS_20_29_Cal                            0x080055d3   Thumb Code   772  menu.o(.text)
    DIS_30_35_Time                           0x080058d7   Thumb Code   948  menu.o(.text)
    DIS_MEN_DIS                              0x08005c8b   Thumb Code    82  menu.o(.text)
    DIS_MEN_SET                              0x08005cdd   Thumb Code   436  menu.o(.text)
    DIS_TIME_SET                             0x08005e91   Thumb Code   474  menu.o(.text)
    KEY_MEN_DIS                              0x0800606b   Thumb Code   236  menu.o(.text)
    KEY_MEN_SET                              0x08006157   Thumb Code   128  menu.o(.text)
    KEY_MEN_ID                               0x080061d7   Thumb Code   230  menu.o(.text)
    KEY_MEN_BAUD                             0x080062bd   Thumb Code   146  menu.o(.text)
    KEY_MEN_PARY                             0x0800634f   Thumb Code   146  menu.o(.text)
    KEY_MEN_BACKLIGHT                        0x080063e1   Thumb Code   268  menu.o(.text)
    KEY_MEN_MESSGEMODE                       0x080064ed   Thumb Code   150  menu.o(.text)
    KEY_MEN_SLEEPTIME                        0x08006583   Thumb Code   146  menu.o(.text)
    KEY_MEN_SHT1MODE                         0x08006615   Thumb Code   146  menu.o(.text)
    KEY_MEN_SHT2MODE                         0x080066a7   Thumb Code   146  menu.o(.text)
    KEY_MEN_18B20MODE                        0x08006739   Thumb Code   146  menu.o(.text)
    KEY_MEN_WARNING                          0x080067cb   Thumb Code   258  menu.o(.text)
    KEY_MEN_CAL                              0x080068cd   Thumb Code   274  menu.o(.text)
    KEY_MEN_TIME                             0x080069df   Thumb Code   132  menu.o(.text)
    MEN_KEY                                  0x08006a63   Thumb Code   174  menu.o(.text)
    IO_GPIO_Configuration                    0x08006b2d   Thumb Code    24  ioinput.o(.text)
    ADIN_GET_IO                              0x08006b45   Thumb Code    50  ioinput.o(.text)
    WIFI_PowerDown                           0x08006b85   Thumb Code    12  wifi.o(.text)
    WIFIWakeUp_GPIO_Configuration            0x08006b91   Thumb Code    62  wifi.o(.text)
    WIFI_PowerUp                             0x08006bcf   Thumb Code    40  wifi.o(.text)
    WIFI_AT                                  0x08006bf7   Thumb Code   120  wifi.o(.text)
    MessageInit                              0x08006c6f   Thumb Code    88  wifi.o(.text)
    CheckWifiLinkStatus                      0x08006cc7   Thumb Code    46  wifi.o(.text)
    StoreSysParamInit                        0x08006d51   Thumb Code    60  storedata.o(.text)
    InitStore                                0x08006d8d   Thumb Code    34  storedata.o(.text)
    GetData                                  0x08006daf   Thumb Code    90  storedata.o(.text)
    SendDataToServer                         0x08006e09   Thumb Code   618  storedata.o(.text)
    StoreData                                0x08007073   Thumb Code   236  storedata.o(.text)
    SPI_Configuration                        0x080071d1   Thumb Code   108  spi.o(.text)
    SPI_SendByte                             0x0800723d   Thumb Code    50  spi.o(.text)
    W25_GPIO_Configuration                   0x08007279   Thumb Code   112  w25q64.o(.text)
    SPI_Flash_ReadSR                         0x080072e9   Thumb Code    42  w25q64.o(.text)
    SPI_FLASH_Write_SR                       0x08007313   Thumb Code    38  w25q64.o(.text)
    SPI_FLASH_Write_Enable                   0x08007339   Thumb Code    30  w25q64.o(.text)
    SPI_FLASH_Write_Disable                  0x08007357   Thumb Code    30  w25q64.o(.text)
    SPI_Flash_ReadID                         0x08007375   Thumb Code    70  w25q64.o(.text)
    SPI_Flash_Wait_Busy                      0x080073bb   Thumb Code    18  w25q64.o(.text)
    SPI_Flash_Erase_Chip                     0x080073cd   Thumb Code    42  w25q64.o(.text)
    SPI_Flash_Erase_Sector                   0x080073f7   Thumb Code    68  w25q64.o(.text)
    SPI_Flash_PowerDown                      0x0800743b   Thumb Code    36  w25q64.o(.text)
    SPI_Flash_WAKEUP                         0x0800745f   Thumb Code    36  w25q64.o(.text)
    SPI_Flash_Read                           0x08007483   Thumb Code    82  w25q64.o(.text)
    SPI_Flash_Write_Page                     0x080074d5   Thumb Code    88  w25q64.o(.text)
    SPI_Flash_Write_NoCheck                  0x0800752d   Thumb Code    70  w25q64.o(.text)
    SPI_Flash_Write                          0x08007573   Thumb Code   176  w25q64.o(.text)
    GPIO_DeInit                              0x08007635   Thumb Code   172  stm32f10x_gpio.o(.text)
    GPIO_AFIODeInit                          0x080076e1   Thumb Code    20  stm32f10x_gpio.o(.text)
    GPIO_Init                                0x080076f5   Thumb Code   278  stm32f10x_gpio.o(.text)
    GPIO_StructInit                          0x0800780b   Thumb Code    16  stm32f10x_gpio.o(.text)
    GPIO_ReadInputDataBit                    0x0800781b   Thumb Code    18  stm32f10x_gpio.o(.text)
    GPIO_ReadInputData                       0x0800782d   Thumb Code     8  stm32f10x_gpio.o(.text)
    GPIO_ReadOutputDataBit                   0x08007835   Thumb Code    18  stm32f10x_gpio.o(.text)
    GPIO_ReadOutputData                      0x08007847   Thumb Code     8  stm32f10x_gpio.o(.text)
    GPIO_SetBits                             0x0800784f   Thumb Code     4  stm32f10x_gpio.o(.text)
    GPIO_ResetBits                           0x08007853   Thumb Code     4  stm32f10x_gpio.o(.text)
    GPIO_WriteBit                            0x08007857   Thumb Code    10  stm32f10x_gpio.o(.text)
    GPIO_Write                               0x08007861   Thumb Code     4  stm32f10x_gpio.o(.text)
    GPIO_PinLockConfig                       0x08007865   Thumb Code    18  stm32f10x_gpio.o(.text)
    GPIO_EventOutputConfig                   0x08007877   Thumb Code    26  stm32f10x_gpio.o(.text)
    GPIO_EventOutputCmd                      0x08007891   Thumb Code     6  stm32f10x_gpio.o(.text)
    GPIO_PinRemapConfig                      0x08007897   Thumb Code   138  stm32f10x_gpio.o(.text)
    GPIO_EXTILineConfig                      0x08007921   Thumb Code    66  stm32f10x_gpio.o(.text)
    GPIO_ETH_MediaInterfaceConfig            0x08007963   Thumb Code     8  stm32f10x_gpio.o(.text)
    RCC_DeInit                               0x08007991   Thumb Code    64  stm32f10x_rcc.o(.text)
    RCC_HSEConfig                            0x080079d1   Thumb Code    70  stm32f10x_rcc.o(.text)
    RCC_GetFlagStatus                        0x08007a17   Thumb Code    56  stm32f10x_rcc.o(.text)
    RCC_WaitForHSEStartUp                    0x08007a4f   Thumb Code    56  stm32f10x_rcc.o(.text)
    RCC_AdjustHSICalibrationValue            0x08007a87   Thumb Code    20  stm32f10x_rcc.o(.text)
    RCC_HSICmd                               0x08007a9b   Thumb Code     6  stm32f10x_rcc.o(.text)
    RCC_PLLConfig                            0x08007aa1   Thumb Code    24  stm32f10x_rcc.o(.text)
    RCC_PLLCmd                               0x08007ab9   Thumb Code     6  stm32f10x_rcc.o(.text)
    RCC_SYSCLKConfig                         0x08007abf   Thumb Code    18  stm32f10x_rcc.o(.text)
    RCC_GetSYSCLKSource                      0x08007ad1   Thumb Code    10  stm32f10x_rcc.o(.text)
    RCC_HCLKConfig                           0x08007adb   Thumb Code    18  stm32f10x_rcc.o(.text)
    RCC_PCLK1Config                          0x08007aed   Thumb Code    18  stm32f10x_rcc.o(.text)
    RCC_PCLK2Config                          0x08007aff   Thumb Code    20  stm32f10x_rcc.o(.text)
    RCC_ITConfig                             0x08007b13   Thumb Code    26  stm32f10x_rcc.o(.text)
    RCC_USBCLKConfig                         0x08007b2d   Thumb Code     8  stm32f10x_rcc.o(.text)
    RCC_ADCCLKConfig                         0x08007b35   Thumb Code    18  stm32f10x_rcc.o(.text)
    RCC_LSEConfig                            0x08007b47   Thumb Code    50  stm32f10x_rcc.o(.text)
    RCC_LSICmd                               0x08007b79   Thumb Code     6  stm32f10x_rcc.o(.text)
    RCC_RTCCLKConfig                         0x08007b7f   Thumb Code    12  stm32f10x_rcc.o(.text)
    RCC_RTCCLKCmd                            0x08007b8b   Thumb Code     8  stm32f10x_rcc.o(.text)
    RCC_GetClocksFreq                        0x08007b93   Thumb Code   192  stm32f10x_rcc.o(.text)
    RCC_AHBPeriphClockCmd                    0x08007c53   Thumb Code    26  stm32f10x_rcc.o(.text)
    RCC_APB2PeriphClockCmd                   0x08007c6d   Thumb Code    26  stm32f10x_rcc.o(.text)
    RCC_APB1PeriphClockCmd                   0x08007c87   Thumb Code    26  stm32f10x_rcc.o(.text)
    RCC_APB2PeriphResetCmd                   0x08007ca1   Thumb Code    26  stm32f10x_rcc.o(.text)
    RCC_APB1PeriphResetCmd                   0x08007cbb   Thumb Code    26  stm32f10x_rcc.o(.text)
    RCC_BackupResetCmd                       0x08007cd5   Thumb Code     8  stm32f10x_rcc.o(.text)
    RCC_ClockSecuritySystemCmd               0x08007cdd   Thumb Code     6  stm32f10x_rcc.o(.text)
    RCC_MCOConfig                            0x08007ce3   Thumb Code     6  stm32f10x_rcc.o(.text)
    RCC_ClearFlag                            0x08007ce9   Thumb Code    14  stm32f10x_rcc.o(.text)
    RCC_GetITStatus                          0x08007cf7   Thumb Code    20  stm32f10x_rcc.o(.text)
    RCC_ClearITPendingBit                    0x08007d0b   Thumb Code     6  stm32f10x_rcc.o(.text)
    NVIC_PriorityGroupConfig                 0x08007d35   Thumb Code    10  misc.o(.text)
    NVIC_Init                                0x08007d3f   Thumb Code   100  misc.o(.text)
    NVIC_SetVectorTable                      0x08007da3   Thumb Code    14  misc.o(.text)
    NVIC_SystemLPConfig                      0x08007db1   Thumb Code    34  misc.o(.text)
    SysTick_CLKSourceConfig                  0x08007dd3   Thumb Code    40  misc.o(.text)
    TIM_DeInit                               0x08007e11   Thumb Code   424  stm32f10x_tim.o(.text)
    TIM_TimeBaseInit                         0x08007fb9   Thumb Code   122  stm32f10x_tim.o(.text)
    TIM_OC1Init                              0x08008033   Thumb Code   132  stm32f10x_tim.o(.text)
    TIM_OC2Init                              0x080080b7   Thumb Code   154  stm32f10x_tim.o(.text)
    TIM_OC3Init                              0x08008151   Thumb Code   150  stm32f10x_tim.o(.text)
    TIM_OC4Init                              0x080081e7   Thumb Code   182  stm32f10x_tim.o(.text)
    TIM_SetIC4Prescaler                      0x0800829d   Thumb Code    26  stm32f10x_tim.o(.text)
    TIM_SetIC3Prescaler                      0x08008339   Thumb Code    18  stm32f10x_tim.o(.text)
    TIM_SetIC2Prescaler                      0x080083c5   Thumb Code    26  stm32f10x_tim.o(.text)
    TIM_SetIC1Prescaler                      0x08008461   Thumb Code    18  stm32f10x_tim.o(.text)
    TIM_ICInit                               0x080084df   Thumb Code   150  stm32f10x_tim.o(.text)
    TIM_PWMIConfig                           0x08008575   Thumb Code   124  stm32f10x_tim.o(.text)
    TIM_BDTRConfig                           0x080085f1   Thumb Code    32  stm32f10x_tim.o(.text)
    TIM_TimeBaseStructInit                   0x08008611   Thumb Code    18  stm32f10x_tim.o(.text)
    TIM_OCStructInit                         0x08008623   Thumb Code    20  stm32f10x_tim.o(.text)
    TIM_ICStructInit                         0x08008637   Thumb Code    18  stm32f10x_tim.o(.text)
    TIM_BDTRStructInit                       0x08008649   Thumb Code    40  stm32f10x_tim.o(.text)
    TIM_Cmd                                  0x08008671   Thumb Code    24  stm32f10x_tim.o(.text)
    TIM_CtrlPWMOutputs                       0x08008689   Thumb Code    30  stm32f10x_tim.o(.text)
    TIM_ITConfig                             0x080086a7   Thumb Code    18  stm32f10x_tim.o(.text)
    TIM_GenerateEvent                        0x080086b9   Thumb Code     4  stm32f10x_tim.o(.text)
    TIM_DMAConfig                            0x080086bd   Thumb Code    10  stm32f10x_tim.o(.text)
    TIM_DMACmd                               0x080086c7   Thumb Code    18  stm32f10x_tim.o(.text)
    TIM_InternalClockConfig                  0x080086d9   Thumb Code    12  stm32f10x_tim.o(.text)
    TIM_SelectInputTrigger                   0x080086e5   Thumb Code    18  stm32f10x_tim.o(.text)
    TIM_ITRxExternalClockConfig              0x080086f7   Thumb Code    24  stm32f10x_tim.o(.text)
    TIM_TIxExternalClockConfig               0x0800870f   Thumb Code    62  stm32f10x_tim.o(.text)
    TIM_ETRConfig                            0x0800874d   Thumb Code    28  stm32f10x_tim.o(.text)
    TIM_ETRClockMode1Config                  0x08008769   Thumb Code    54  stm32f10x_tim.o(.text)
    TIM_ETRClockMode2Config                  0x0800879f   Thumb Code    32  stm32f10x_tim.o(.text)
    TIM_PrescalerConfig                      0x080087bf   Thumb Code     6  stm32f10x_tim.o(.text)
    TIM_CounterModeConfig                    0x080087c5   Thumb Code    18  stm32f10x_tim.o(.text)
    TIM_EncoderInterfaceConfig               0x080087d7   Thumb Code    66  stm32f10x_tim.o(.text)
    TIM_ForcedOC1Config                      0x08008819   Thumb Code    18  stm32f10x_tim.o(.text)
    TIM_ForcedOC2Config                      0x0800882b   Thumb Code    26  stm32f10x_tim.o(.text)
    TIM_ForcedOC3Config                      0x08008845   Thumb Code    18  stm32f10x_tim.o(.text)
    TIM_ForcedOC4Config                      0x08008857   Thumb Code    26  stm32f10x_tim.o(.text)
    TIM_ARRPreloadConfig                     0x08008871   Thumb Code    24  stm32f10x_tim.o(.text)
    TIM_SelectCOM                            0x08008889   Thumb Code    24  stm32f10x_tim.o(.text)
    TIM_SelectCCDMA                          0x080088a1   Thumb Code    24  stm32f10x_tim.o(.text)
    TIM_CCPreloadControl                     0x080088b9   Thumb Code    24  stm32f10x_tim.o(.text)
    TIM_OC1PreloadConfig                     0x080088d1   Thumb Code    18  stm32f10x_tim.o(.text)
    TIM_OC2PreloadConfig                     0x080088e3   Thumb Code    26  stm32f10x_tim.o(.text)
    TIM_OC3PreloadConfig                     0x080088fd   Thumb Code    18  stm32f10x_tim.o(.text)
    TIM_OC4PreloadConfig                     0x0800890f   Thumb Code    26  stm32f10x_tim.o(.text)
    TIM_OC1FastConfig                        0x08008929   Thumb Code    18  stm32f10x_tim.o(.text)
    TIM_OC2FastConfig                        0x0800893b   Thumb Code    26  stm32f10x_tim.o(.text)
    TIM_OC3FastConfig                        0x08008955   Thumb Code    18  stm32f10x_tim.o(.text)
    TIM_OC4FastConfig                        0x08008967   Thumb Code    26  stm32f10x_tim.o(.text)
    TIM_ClearOC1Ref                          0x08008981   Thumb Code    18  stm32f10x_tim.o(.text)
    TIM_ClearOC2Ref                          0x08008993   Thumb Code    24  stm32f10x_tim.o(.text)
    TIM_ClearOC3Ref                          0x080089ab   Thumb Code    18  stm32f10x_tim.o(.text)
    TIM_ClearOC4Ref                          0x080089bd   Thumb Code    24  stm32f10x_tim.o(.text)
    TIM_OC1PolarityConfig                    0x080089d5   Thumb Code    18  stm32f10x_tim.o(.text)
    TIM_OC1NPolarityConfig                   0x080089e7   Thumb Code    18  stm32f10x_tim.o(.text)
    TIM_OC2PolarityConfig                    0x080089f9   Thumb Code    26  stm32f10x_tim.o(.text)
    TIM_OC2NPolarityConfig                   0x08008a13   Thumb Code    26  stm32f10x_tim.o(.text)
    TIM_OC3PolarityConfig                    0x08008a2d   Thumb Code    26  stm32f10x_tim.o(.text)
    TIM_OC3NPolarityConfig                   0x08008a47   Thumb Code    26  stm32f10x_tim.o(.text)
    TIM_OC4PolarityConfig                    0x08008a61   Thumb Code    26  stm32f10x_tim.o(.text)
    TIM_CCxCmd                               0x08008a7b   Thumb Code    30  stm32f10x_tim.o(.text)
    TIM_CCxNCmd                              0x08008a99   Thumb Code    30  stm32f10x_tim.o(.text)
    TIM_SelectOCxM                           0x08008ab7   Thumb Code    82  stm32f10x_tim.o(.text)
    TIM_UpdateDisableConfig                  0x08008b09   Thumb Code    24  stm32f10x_tim.o(.text)
    TIM_UpdateRequestConfig                  0x08008b21   Thumb Code    24  stm32f10x_tim.o(.text)
    TIM_SelectHallSensor                     0x08008b39   Thumb Code    24  stm32f10x_tim.o(.text)
    TIM_SelectOnePulseMode                   0x08008b51   Thumb Code    18  stm32f10x_tim.o(.text)
    TIM_SelectOutputTrigger                  0x08008b63   Thumb Code    18  stm32f10x_tim.o(.text)
    TIM_SelectSlaveMode                      0x08008b75   Thumb Code    18  stm32f10x_tim.o(.text)
    TIM_SelectMasterSlaveMode                0x08008b87   Thumb Code    18  stm32f10x_tim.o(.text)
    TIM_SetCounter                           0x08008b99   Thumb Code     4  stm32f10x_tim.o(.text)
    TIM_SetAutoreload                        0x08008b9d   Thumb Code     4  stm32f10x_tim.o(.text)
    TIM_SetCompare1                          0x08008ba1   Thumb Code     4  stm32f10x_tim.o(.text)
    TIM_SetCompare2                          0x08008ba5   Thumb Code     4  stm32f10x_tim.o(.text)
    TIM_SetCompare3                          0x08008ba9   Thumb Code     4  stm32f10x_tim.o(.text)
    TIM_SetCompare4                          0x08008bad   Thumb Code     6  stm32f10x_tim.o(.text)
    TIM_SetClockDivision                     0x08008bb3   Thumb Code    18  stm32f10x_tim.o(.text)
    TIM_GetCapture1                          0x08008bc5   Thumb Code     6  stm32f10x_tim.o(.text)
    TIM_GetCapture2                          0x08008bcb   Thumb Code     6  stm32f10x_tim.o(.text)
    TIM_GetCapture3                          0x08008bd1   Thumb Code     6  stm32f10x_tim.o(.text)
    TIM_GetCapture4                          0x08008bd7   Thumb Code     8  stm32f10x_tim.o(.text)
    TIM_GetCounter                           0x08008bdf   Thumb Code     6  stm32f10x_tim.o(.text)
    TIM_GetPrescaler                         0x08008be5   Thumb Code     6  stm32f10x_tim.o(.text)
    TIM_GetFlagStatus                        0x08008beb   Thumb Code    18  stm32f10x_tim.o(.text)
    TIM_ClearFlag                            0x08008bfd   Thumb Code     6  stm32f10x_tim.o(.text)
    TIM_GetITStatus                          0x08008c03   Thumb Code    34  stm32f10x_tim.o(.text)
    TIM_ClearITPendingBit                    0x08008c25   Thumb Code     6  stm32f10x_tim.o(.text)
    USART_DeInit                             0x08008c2d   Thumb Code   134  stm32f10x_usart.o(.text)
    USART_Init                               0x08008cb3   Thumb Code   210  stm32f10x_usart.o(.text)
    USART_StructInit                         0x08008d85   Thumb Code    24  stm32f10x_usart.o(.text)
    USART_ClockInit                          0x08008d9d   Thumb Code    34  stm32f10x_usart.o(.text)
    USART_ClockStructInit                    0x08008dbf   Thumb Code    12  stm32f10x_usart.o(.text)
    USART_Cmd                                0x08008dcb   Thumb Code    24  stm32f10x_usart.o(.text)
    USART_ITConfig                           0x08008de3   Thumb Code    74  stm32f10x_usart.o(.text)
    USART_DMACmd                             0x08008e2d   Thumb Code    18  stm32f10x_usart.o(.text)
    USART_SetAddress                         0x08008e3f   Thumb Code    18  stm32f10x_usart.o(.text)
    USART_WakeUpConfig                       0x08008e51   Thumb Code    18  stm32f10x_usart.o(.text)
    USART_ReceiverWakeUpCmd                  0x08008e63   Thumb Code    24  stm32f10x_usart.o(.text)
    USART_LINBreakDetectLengthConfig         0x08008e7b   Thumb Code    18  stm32f10x_usart.o(.text)
    USART_LINCmd                             0x08008e8d   Thumb Code    24  stm32f10x_usart.o(.text)
    USART_SendData                           0x08008ea5   Thumb Code     8  stm32f10x_usart.o(.text)
    USART_ReceiveData                        0x08008ead   Thumb Code    10  stm32f10x_usart.o(.text)
    USART_SendBreak                          0x08008eb7   Thumb Code    10  stm32f10x_usart.o(.text)
    USART_SetGuardTime                       0x08008ec1   Thumb Code    16  stm32f10x_usart.o(.text)
    USART_SetPrescaler                       0x08008ed1   Thumb Code    16  stm32f10x_usart.o(.text)
    USART_SmartCardCmd                       0x08008ee1   Thumb Code    24  stm32f10x_usart.o(.text)
    USART_SmartCardNACKCmd                   0x08008ef9   Thumb Code    24  stm32f10x_usart.o(.text)
    USART_HalfDuplexCmd                      0x08008f11   Thumb Code    24  stm32f10x_usart.o(.text)
    USART_OverSampling8Cmd                   0x08008f29   Thumb Code    22  stm32f10x_usart.o(.text)
    USART_OneBitMethodCmd                    0x08008f3f   Thumb Code    24  stm32f10x_usart.o(.text)
    USART_IrDAConfig                         0x08008f57   Thumb Code    18  stm32f10x_usart.o(.text)
    USART_IrDACmd                            0x08008f69   Thumb Code    24  stm32f10x_usart.o(.text)
    USART_GetFlagStatus                      0x08008f81   Thumb Code    26  stm32f10x_usart.o(.text)
    USART_ClearFlag                          0x08008f9b   Thumb Code    18  stm32f10x_usart.o(.text)
    USART_GetITStatus                        0x08008fad   Thumb Code    84  stm32f10x_usart.o(.text)
    USART_ClearITPendingBit                  0x08009001   Thumb Code    52  stm32f10x_usart.o(.text)
    ADC_DeInit                               0x08009035   Thumb Code    78  stm32f10x_adc.o(.text)
    ADC_Init                                 0x08009083   Thumb Code    70  stm32f10x_adc.o(.text)
    ADC_StructInit                           0x080090c9   Thumb Code    18  stm32f10x_adc.o(.text)
    ADC_Cmd                                  0x080090db   Thumb Code    22  stm32f10x_adc.o(.text)
    ADC_DMACmd                               0x080090f1   Thumb Code    22  stm32f10x_adc.o(.text)
    ADC_ITConfig                             0x08009107   Thumb Code    24  stm32f10x_adc.o(.text)
    ADC_ResetCalibration                     0x0800911f   Thumb Code    10  stm32f10x_adc.o(.text)
    ADC_GetResetCalibrationStatus            0x08009129   Thumb Code    20  stm32f10x_adc.o(.text)
    ADC_StartCalibration                     0x0800913d   Thumb Code    10  stm32f10x_adc.o(.text)
    ADC_GetCalibrationStatus                 0x08009147   Thumb Code    20  stm32f10x_adc.o(.text)
    ADC_SoftwareStartConvCmd                 0x0800915b   Thumb Code    22  stm32f10x_adc.o(.text)
    ADC_GetSoftwareStartConvStatus           0x08009171   Thumb Code    20  stm32f10x_adc.o(.text)
    ADC_DiscModeChannelCountConfig           0x08009185   Thumb Code    24  stm32f10x_adc.o(.text)
    ADC_DiscModeCmd                          0x0800919d   Thumb Code    22  stm32f10x_adc.o(.text)
    ADC_RegularChannelConfig                 0x080091b3   Thumb Code   184  stm32f10x_adc.o(.text)
    ADC_ExternalTrigConvCmd                  0x0800926b   Thumb Code    22  stm32f10x_adc.o(.text)
    ADC_GetConversionValue                   0x08009281   Thumb Code     8  stm32f10x_adc.o(.text)
    ADC_GetDualModeConversionValue           0x08009289   Thumb Code     8  stm32f10x_adc.o(.text)
    ADC_AutoInjectedConvCmd                  0x08009291   Thumb Code    22  stm32f10x_adc.o(.text)
    ADC_InjectedDiscModeCmd                  0x080092a7   Thumb Code    22  stm32f10x_adc.o(.text)
    ADC_ExternalTrigInjectedConvConfig       0x080092bd   Thumb Code    16  stm32f10x_adc.o(.text)
    ADC_ExternalTrigInjectedConvCmd          0x080092cd   Thumb Code    22  stm32f10x_adc.o(.text)
    ADC_SoftwareStartInjectedConvCmd         0x080092e3   Thumb Code    22  stm32f10x_adc.o(.text)
    ADC_GetSoftwareStartInjectedConvCmdStatus 0x080092f9   Thumb Code    20  stm32f10x_adc.o(.text)
    ADC_InjectedChannelConfig                0x0800930d   Thumb Code   130  stm32f10x_adc.o(.text)
    ADC_InjectedSequencerLengthConfig        0x0800938f   Thumb Code    24  stm32f10x_adc.o(.text)
    ADC_SetInjectedOffset                    0x080093a7   Thumb Code    20  stm32f10x_adc.o(.text)
    ADC_GetInjectedConversionValue           0x080093bb   Thumb Code    28  stm32f10x_adc.o(.text)
    ADC_AnalogWatchdogCmd                    0x080093d7   Thumb Code    16  stm32f10x_adc.o(.text)
    ADC_AnalogWatchdogThresholdsConfig       0x080093e7   Thumb Code     6  stm32f10x_adc.o(.text)
    ADC_AnalogWatchdogSingleChannelConfig    0x080093ed   Thumb Code    16  stm32f10x_adc.o(.text)
    ADC_TempSensorVrefintCmd                 0x080093fd   Thumb Code    64  stm32f10x_adc.o(.text)
    ADC_GetFlagStatus                        0x0800943d   Thumb Code    18  stm32f10x_adc.o(.text)
    ADC_ClearFlag                            0x0800944f   Thumb Code     6  stm32f10x_adc.o(.text)
    ADC_GetITStatus                          0x08009455   Thumb Code    36  stm32f10x_adc.o(.text)
    ADC_ClearITPendingBit                    0x08009479   Thumb Code    10  stm32f10x_adc.o(.text)
    SPI_I2S_DeInit                           0x08009485   Thumb Code    76  stm32f10x_spi.o(.text)
    SPI_Init                                 0x080094d1   Thumb Code    60  stm32f10x_spi.o(.text)
    I2S_Init                                 0x0800950d   Thumb Code   226  stm32f10x_spi.o(.text)
    SPI_StructInit                           0x080095ef   Thumb Code    24  stm32f10x_spi.o(.text)
    I2S_StructInit                           0x08009607   Thumb Code    20  stm32f10x_spi.o(.text)
    SPI_Cmd                                  0x0800961b   Thumb Code    24  stm32f10x_spi.o(.text)
    I2S_Cmd                                  0x08009633   Thumb Code    24  stm32f10x_spi.o(.text)
    SPI_I2S_ITConfig                         0x0800964b   Thumb Code    32  stm32f10x_spi.o(.text)
    SPI_I2S_DMACmd                           0x0800966b   Thumb Code    18  stm32f10x_spi.o(.text)
    SPI_I2S_SendData                         0x0800967d   Thumb Code     4  stm32f10x_spi.o(.text)
    SPI_I2S_ReceiveData                      0x08009681   Thumb Code     6  stm32f10x_spi.o(.text)
    SPI_NSSInternalSoftwareConfig            0x08009687   Thumb Code    30  stm32f10x_spi.o(.text)
    SPI_SSOutputCmd                          0x080096a5   Thumb Code    24  stm32f10x_spi.o(.text)
    SPI_DataSizeConfig                       0x080096bd   Thumb Code    18  stm32f10x_spi.o(.text)
    SPI_TransmitCRC                          0x080096cf   Thumb Code    10  stm32f10x_spi.o(.text)
    SPI_CalculateCRC                         0x080096d9   Thumb Code    24  stm32f10x_spi.o(.text)
    SPI_GetCRC                               0x080096f1   Thumb Code    16  stm32f10x_spi.o(.text)
    SPI_GetCRCPolynomial                     0x08009701   Thumb Code     6  stm32f10x_spi.o(.text)
    SPI_BiDirectionalLineConfig              0x08009707   Thumb Code    28  stm32f10x_spi.o(.text)
    SPI_I2S_GetFlagStatus                    0x08009723   Thumb Code    18  stm32f10x_spi.o(.text)
    SPI_I2S_ClearFlag                        0x08009735   Thumb Code     6  stm32f10x_spi.o(.text)
    SPI_I2S_GetITStatus                      0x0800973b   Thumb Code    52  stm32f10x_spi.o(.text)
    SPI_I2S_ClearITPendingBit                0x0800976f   Thumb Code    20  stm32f10x_spi.o(.text)
    FLASH_SetLatency                         0x08009791   Thumb Code    18  stm32f10x_flash.o(.text)
    FLASH_HalfCycleAccessCmd                 0x080097a3   Thumb Code    22  stm32f10x_flash.o(.text)
    FLASH_PrefetchBufferCmd                  0x080097b9   Thumb Code    22  stm32f10x_flash.o(.text)
    FLASH_Unlock                             0x080097cf   Thumb Code    12  stm32f10x_flash.o(.text)
    FLASH_UnlockBank1                        0x080097db   Thumb Code    12  stm32f10x_flash.o(.text)
    FLASH_Lock                               0x080097e7   Thumb Code    14  stm32f10x_flash.o(.text)
    FLASH_LockBank1                          0x080097f5   Thumb Code    14  stm32f10x_flash.o(.text)
    FLASH_GetBank1Status                     0x08009803   Thumb Code    48  stm32f10x_flash.o(.text)
    FLASH_WaitForLastOperation               0x08009833   Thumb Code    38  stm32f10x_flash.o(.text)
    FLASH_ErasePage                          0x08009859   Thumb Code    72  stm32f10x_flash.o(.text)
    FLASH_EraseAllPages                      0x080098a1   Thumb Code    68  stm32f10x_flash.o(.text)
    FLASH_WaitForLastBank1Operation          0x080098e5   Thumb Code    38  stm32f10x_flash.o(.text)
    FLASH_EraseAllBank1Pages                 0x0800990b   Thumb Code    68  stm32f10x_flash.o(.text)
    FLASH_GetReadOutProtectionStatus         0x0800994f   Thumb Code    20  stm32f10x_flash.o(.text)
    FLASH_EraseOptionBytes                   0x08009963   Thumb Code   150  stm32f10x_flash.o(.text)
    FLASH_ProgramWord                        0x080099f9   Thumb Code   102  stm32f10x_flash.o(.text)
    FLASH_ProgramHalfWord                    0x08009a5f   Thumb Code    60  stm32f10x_flash.o(.text)
    FLASH_ProgramOptionByteData              0x08009a9b   Thumb Code    72  stm32f10x_flash.o(.text)
    FLASH_EnableWriteProtection              0x08009ae3   Thumb Code   200  stm32f10x_flash.o(.text)
    FLASH_ReadOutProtection                  0x08009bab   Thumb Code   156  stm32f10x_flash.o(.text)
    FLASH_UserOptionByteConfig               0x08009c47   Thumb Code    88  stm32f10x_flash.o(.text)
    FLASH_GetUserOptionByte                  0x08009c9f   Thumb Code     8  stm32f10x_flash.o(.text)
    FLASH_GetWriteProtectionOptionByte       0x08009ca7   Thumb Code     6  stm32f10x_flash.o(.text)
    FLASH_GetPrefetchBufferStatus            0x08009cad   Thumb Code    20  stm32f10x_flash.o(.text)
    FLASH_ITConfig                           0x08009cc1   Thumb Code    26  stm32f10x_flash.o(.text)
    FLASH_GetFlagStatus                      0x08009cdb   Thumb Code    42  stm32f10x_flash.o(.text)
    FLASH_ClearFlag                          0x08009d05   Thumb Code     6  stm32f10x_flash.o(.text)
    FLASH_GetStatus                          0x08009d0b   Thumb Code    48  stm32f10x_flash.o(.text)
    DMA_DeInit                               0x08009d4d   Thumb Code   324  stm32f10x_dma.o(.text)
    DMA_Init                                 0x08009e91   Thumb Code    60  stm32f10x_dma.o(.text)
    DMA_StructInit                           0x08009ecd   Thumb Code    26  stm32f10x_dma.o(.text)
    DMA_Cmd                                  0x08009ee7   Thumb Code    24  stm32f10x_dma.o(.text)
    DMA_ITConfig                             0x08009eff   Thumb Code    18  stm32f10x_dma.o(.text)
    DMA_SetCurrDataCounter                   0x08009f11   Thumb Code     4  stm32f10x_dma.o(.text)
    DMA_GetCurrDataCounter                   0x08009f15   Thumb Code     8  stm32f10x_dma.o(.text)
    DMA_GetFlagStatus                        0x08009f1d   Thumb Code    40  stm32f10x_dma.o(.text)
    DMA_ClearFlag                            0x08009f45   Thumb Code    22  stm32f10x_dma.o(.text)
    DMA_GetITStatus                          0x08009f5b   Thumb Code    40  stm32f10x_dma.o(.text)
    DMA_ClearITPendingBit                    0x08009f83   Thumb Code    22  stm32f10x_dma.o(.text)
    PWR_DeInit                               0x08009fa1   Thumb Code    22  stm32f10x_pwr.o(.text)
    PWR_BackupAccessCmd                      0x08009fb7   Thumb Code     6  stm32f10x_pwr.o(.text)
    PWR_PVDCmd                               0x08009fbd   Thumb Code     6  stm32f10x_pwr.o(.text)
    PWR_PVDLevelConfig                       0x08009fc3   Thumb Code    18  stm32f10x_pwr.o(.text)
    PWR_WakeUpPinCmd                         0x08009fd5   Thumb Code     8  stm32f10x_pwr.o(.text)
    PWR_EnterSTOPMode                        0x08009fdd   Thumb Code    54  stm32f10x_pwr.o(.text)
    PWR_EnterSTANDBYMode                     0x0800a013   Thumb Code    42  stm32f10x_pwr.o(.text)
    PWR_GetFlagStatus                        0x0800a03d   Thumb Code    20  stm32f10x_pwr.o(.text)
    PWR_ClearFlag                            0x0800a051   Thumb Code    14  stm32f10x_pwr.o(.text)
    SystemInit                               0x0800a115   Thumb Code    78  system_stm32f10x.o(.text)
    SystemCoreClockUpdate                    0x0800a163   Thumb Code   142  system_stm32f10x.o(.text)
    eMBFuncReadCoils                         0x0800a215   Thumb Code   174  mbfunccoils.o(.text)
    eMBFuncWriteCoil                         0x0800a2c3   Thumb Code   112  mbfunccoils.o(.text)
    eMBFuncWriteMultipleCoils                0x0800a333   Thumb Code   144  mbfunccoils.o(.text)
    eMBFuncReadDiscreteInputs                0x0800a3c3   Thumb Code   172  mbfuncdisc.o(.text)
    eMBFuncWriteHoldingRegister              0x0800a46f   Thumb Code    66  mbfuncholding.o(.text)
    eMBFuncWriteMultipleHoldingRegister      0x0800a4b1   Thumb Code   110  mbfuncholding.o(.text)
    eMBFuncReadHoldingRegister               0x0800a51f   Thumb Code   140  mbfuncholding.o(.text)
    eMBFuncReadWriteMultipleHoldingRegister  0x0800a5ab   Thumb Code   212  mbfuncholding.o(.text)
    eMBFuncReadInputRegister                 0x0800a67f   Thumb Code   140  mbfuncinput.o(.text)
    eMBSetSlaveID                            0x0800a70d   Thumb Code   110  mbfuncother.o(.text)
    eMBFuncReportSlaveID                     0x0800a77b   Thumb Code    30  mbfuncother.o(.text)
    xMBUtilSetBits                           0x0800a7a1   Thumb Code   104  mbutils.o(.text)
    xMBUtilGetBits                           0x0800a809   Thumb Code    42  mbutils.o(.text)
    prveMBError2Exception                    0x0800a833   Thumb Code    34  mbutils.o(.text)
    usMBCRC16                                0x0800a881   Thumb Code    48  mbcrc.o(.text)
    eMBRTUInit                               0x0800a8b9   Thumb Code    76  mbrtu.o(.text)
    eMBRTUStart                              0x0800a905   Thumb Code    22  mbrtu.o(.text)
    eMBRTUStop                               0x0800a91b   Thumb Code    16  mbrtu.o(.text)
    eMBRTUReceive                            0x0800a92b   Thumb Code    90  mbrtu.o(.text)
    eMBRTUSend                               0x0800a985   Thumb Code   116  mbrtu.o(.text)
    xMBRTUReceiveFSM                         0x0800a9f9   Thumb Code   142  mbrtu.o(.text)
    xMBRTUTransmitFSM                        0x0800aa87   Thumb Code   116  mbrtu.o(.text)
    xMBRTUTimerT35Expired                    0x0800aafb   Thumb Code    96  mbrtu.o(.text)
    eMBInit                                  0x0800abf1   Thumb Code   152  mb.o(.text)
    eMBRegisterCB                            0x0800ac89   Thumb Code     4  mb.o(.text)
    eMBClose                                 0x0800ac8d   Thumb Code    32  mb.o(.text)
    eMBEnable                                0x0800acad   Thumb Code    32  mb.o(.text)
    eMBDisable                               0x0800accd   Thumb Code    42  mb.o(.text)
    eMBPoll                                  0x0800acf7   Thumb Code   258  mb.o(.text)
    xMBPortEventInit                         0x0800ae59   Thumb Code    10  portevent.o(.text)
    xMBPortEventPost                         0x0800ae63   Thumb Code    16  portevent.o(.text)
    xMBPortEventGet                          0x0800ae73   Thumb Code    26  portevent.o(.text)
    vMBPortSerialEnable                      0x0800ae95   Thumb Code    84  portserial.o(.text)
    xMBPortSerialInit                        0x0800aee9   Thumb Code    74  portserial.o(.text)
    xMBPortSerialPutByte                     0x0800af33   Thumb Code    30  portserial.o(.text)
    xMBPortSerialGetByte                     0x0800af51   Thumb Code    16  portserial.o(.text)
    prvvUARTTxReadyISR                       0x0800af61   Thumb Code    10  portserial.o(.text)
    prvvUARTRxISR                            0x0800af6b   Thumb Code    10  portserial.o(.text)
    xMBPortTimersInit                        0x0800af85   Thumb Code    38  porttimer.o(.text)
    vMBPortTimersEnable                      0x0800afab   Thumb Code    40  porttimer.o(.text)
    vMBPortTimersDisable                     0x0800afd3   Thumb Code    42  porttimer.o(.text)
    prvvTIMERExpiredISR                      0x0800affd   Thumb Code    10  porttimer.o(.text)
    __2sprintf                               0x0800b00d   Thumb Code    34  noretval__2sprintf.o(.text)
    __printf                                 0x0800b035   Thumb Code   104  __printf.o(.text)
    _printf_str                              0x0800b09d   Thumb Code    82  _printf_str.o(.text)
    __aeabi_assert                           0x0800b0f1   Thumb Code    86  assert.o(.text)
    __assert                                 0x0800b0f1   Thumb Code     0  assert.o(.text)
    strstr                                   0x0800b171   Thumb Code    36  strstr.o(.text)
    strlen                                   0x0800b195   Thumb Code    62  strlen.o(.text)
    __aeabi_memcpy                           0x0800b1d3   Thumb Code     0  rt_memcpy_v6.o(.text)
    __rt_memcpy                              0x0800b1d3   Thumb Code   138  rt_memcpy_v6.o(.text)
    _memcpy_lastbytes                        0x0800b239   Thumb Code     0  rt_memcpy_v6.o(.text)
    __aeabi_memclr                           0x0800b25d   Thumb Code     0  rt_memclr.o(.text)
    __rt_memclr                              0x0800b25d   Thumb Code    68  rt_memclr.o(.text)
    _memset                                  0x0800b261   Thumb Code     0  rt_memclr.o(.text)
    __aeabi_memclr4                          0x0800b2a1   Thumb Code     0  rt_memclr_w.o(.text)
    __aeabi_memclr8                          0x0800b2a1   Thumb Code     0  rt_memclr_w.o(.text)
    __rt_memclr_w                            0x0800b2a1   Thumb Code    78  rt_memclr_w.o(.text)
    _memset_w                                0x0800b2a5   Thumb Code     0  rt_memclr_w.o(.text)
    __use_two_region_memory                  0x0800b2ef   Thumb Code     2  heapauxi.o(.text)
    __rt_heap_escrow$2region                 0x0800b2f1   Thumb Code     2  heapauxi.o(.text)
    __rt_heap_expand$2region                 0x0800b2f3   Thumb Code     2  heapauxi.o(.text)
    _printf_char_common                      0x0800b2ff   Thumb Code    32  _printf_char_common.o(.text)
    _sputc                                   0x0800b325   Thumb Code    10  _sputc.o(.text)
    _printf_cs_common                        0x0800b32f   Thumb Code    20  _printf_char.o(.text)
    _printf_char                             0x0800b343   Thumb Code    16  _printf_char.o(.text)
    _printf_string                           0x0800b353   Thumb Code     8  _printf_char.o(.text)
    abort                                    0x0800b35b   Thumb Code    22  abort.o(.text)
    __assert_puts                            0x0800b371   Thumb Code    20  assert_puts.o(.text)
    __aeabi_memcpy4                          0x0800b385   Thumb Code     0  rt_memcpy_w.o(.text)
    __aeabi_memcpy8                          0x0800b385   Thumb Code     0  rt_memcpy_w.o(.text)
    __rt_memcpy_w                            0x0800b385   Thumb Code   100  rt_memcpy_w.o(.text)
    _memcpy_lastbytes_aligned                0x0800b3cd   Thumb Code     0  rt_memcpy_w.o(.text)
    _ttywrch                                 0x0800b3e9   Thumb Code    14  sys_wrch.o(.text)
    _sys_exit                                0x0800b3f9   Thumb Code     8  sys_exit.o(.text)
    __rt_SIGABRT                             0x0800b405   Thumb Code    14  defsig_abrt_outer.o(.text)
    __I$use$semihosting                      0x0800b413   Thumb Code     0  use_no_semi.o(.text)
    __use_no_semihosting_swi                 0x0800b413   Thumb Code     2  use_no_semi.o(.text)
    __semihosting_library_function           0x0800b415   Thumb Code     0  indicate_semi.o(.text)
    __user_setup_stackheap                   0x0800b415   Thumb Code    74  sys_stackheap_outer.o(.text)
    exit                                     0x0800b45f   Thumb Code    18  exit.o(.text)
    __sig_exit                               0x0800b471   Thumb Code    10  defsig_exit.o(.text)
    __rt_SIGABRT_inner                       0x0800b47d   Thumb Code    14  defsig_abrt_inner.o(.text)
    __user_libspace                          0x0800b4ad   Thumb Code     8  libspace.o(.text)
    __user_perproc_libspace                  0x0800b4ad   Thumb Code     0  libspace.o(.text)
    __user_perthread_libspace                0x0800b4ad   Thumb Code     0  libspace.o(.text)
    __default_signal_display                 0x0800b4b5   Thumb Code    50  defsig_general.o(.text)
    __aeabi_d2f                              0x0800b4e9   Thumb Code     0  d2f.o(x$fpl$d2f)
    _d2f                                     0x0800b4e9   Thumb Code    98  d2f.o(x$fpl$d2f)
    __aeabi_dadd                             0x0800b54d   Thumb Code     0  daddsub_clz.o(x$fpl$dadd)
    _dadd                                    0x0800b54d   Thumb Code   332  daddsub_clz.o(x$fpl$dadd)
    __fpl_dcmp_Inf                           0x0800b69d   Thumb Code    24  dcmpi.o(x$fpl$dcmpinf)
    __aeabi_ddiv                             0x0800b6b5   Thumb Code     0  ddiv.o(x$fpl$ddiv)
    _ddiv                                    0x0800b6b5   Thumb Code   552  ddiv.o(x$fpl$ddiv)
    __aeabi_d2iz                             0x0800b965   Thumb Code     0  dfix.o(x$fpl$dfix)
    _dfix                                    0x0800b965   Thumb Code    94  dfix.o(x$fpl$dfix)
    __aeabi_cdcmple                          0x0800b9c5   Thumb Code     0  dleqf.o(x$fpl$dleqf)
    _dcmple                                  0x0800b9c5   Thumb Code   120  dleqf.o(x$fpl$dleqf)
    __fpl_dcmple_InfNaN                      0x0800ba27   Thumb Code     0  dleqf.o(x$fpl$dleqf)
    __aeabi_dmul                             0x0800ba3d   Thumb Code     0  dmul.o(x$fpl$dmul)
    _dmul                                    0x0800ba3d   Thumb Code   332  dmul.o(x$fpl$dmul)
    __fpl_dnaninf                            0x0800bb91   Thumb Code   156  dnaninf.o(x$fpl$dnaninf)
    __fpl_dretinf                            0x0800bc2d   Thumb Code    12  dretinf.o(x$fpl$dretinf)
    __aeabi_cdrcmple                         0x0800bc39   Thumb Code     0  drleqf.o(x$fpl$drleqf)
    _drcmple                                 0x0800bc39   Thumb Code   108  drleqf.o(x$fpl$drleqf)
    __aeabi_dsub                             0x0800bca5   Thumb Code     0  daddsub_clz.o(x$fpl$dsub)
    _dsub                                    0x0800bca5   Thumb Code   464  daddsub_clz.o(x$fpl$dsub)
    __aeabi_f2d                              0x0800be79   Thumb Code     0  f2d.o(x$fpl$f2d)
    _f2d                                     0x0800be79   Thumb Code    86  f2d.o(x$fpl$f2d)
    __aeabi_fadd                             0x0800bed1   Thumb Code     0  faddsub_clz.o(x$fpl$fadd)
    _fadd                                    0x0800bed1   Thumb Code   196  faddsub_clz.o(x$fpl$fadd)
    __fpl_fcmp_Inf                           0x0800bf95   Thumb Code    24  fcmpi.o(x$fpl$fcmpinf)
    __aeabi_fdiv                             0x0800bfad   Thumb Code     0  fdiv.o(x$fpl$fdiv)
    _fdiv                                    0x0800bfad   Thumb Code   384  fdiv.o(x$fpl$fdiv)
    __aeabi_cfcmpeq                          0x0800c131   Thumb Code     0  feqf.o(x$fpl$feqf)
    _fcmpeq                                  0x0800c131   Thumb Code   104  feqf.o(x$fpl$feqf)
    __aeabi_f2iz                             0x0800c199   Thumb Code     0  ffix.o(x$fpl$ffix)
    _ffix                                    0x0800c199   Thumb Code    54  ffix.o(x$fpl$ffix)
    __aeabi_f2uiz                            0x0800c1d1   Thumb Code     0  ffixu.o(x$fpl$ffixu)
    _ffixu                                   0x0800c1d1   Thumb Code    62  ffixu.o(x$fpl$ffixu)
    __aeabi_i2f                              0x0800c211   Thumb Code     0  fflt_clz.o(x$fpl$fflt)
    _fflt                                    0x0800c211   Thumb Code    48  fflt_clz.o(x$fpl$fflt)
    __aeabi_ui2f                             0x0800c241   Thumb Code     0  fflt_clz.o(x$fpl$ffltu)
    _ffltu                                   0x0800c241   Thumb Code    38  fflt_clz.o(x$fpl$ffltu)
    __aeabi_cfcmple                          0x0800c269   Thumb Code     0  fleqf.o(x$fpl$fleqf)
    _fcmple                                  0x0800c269   Thumb Code   104  fleqf.o(x$fpl$fleqf)
    __fpl_fcmple_InfNaN                      0x0800c2bb   Thumb Code     0  fleqf.o(x$fpl$fleqf)
    __aeabi_fmul                             0x0800c2d1   Thumb Code     0  fmul.o(x$fpl$fmul)
    _fmul                                    0x0800c2d1   Thumb Code   258  fmul.o(x$fpl$fmul)
    __fpl_fnaninf                            0x0800c3d3   Thumb Code   140  fnaninf.o(x$fpl$fnaninf)
    __fpl_fretinf                            0x0800c45f   Thumb Code    10  fretinf.o(x$fpl$fretinf)
    __aeabi_cfrcmple                         0x0800c469   Thumb Code     0  frleqf.o(x$fpl$frleqf)
    _frcmple                                 0x0800c469   Thumb Code    98  frleqf.o(x$fpl$frleqf)
    __aeabi_fsub                             0x0800c4cd   Thumb Code     0  faddsub_clz.o(x$fpl$fsub)
    _fsub                                    0x0800c4cd   Thumb Code   234  faddsub_clz.o(x$fpl$fsub)
    __I$use$fp                               0x0800c5b6   Number         0  usenofp.o(x$fpl$usenofp)
    Region$$Table$$Base                      0x0800c838   Number         0  anon$$obj.o(Region$$Table)
    Region$$Table$$Limit                     0x0800c858   Number         0  anon$$obj.o(Region$$Table)
    Timer2_T                                 0x20000000   Data           6  time.o(.data)
    Timer3_T                                 0x20000006   Data           6  time.o(.data)
    Timer4_T                                 0x2000000c   Data           6  time.o(.data)
    usRegInputStart                          0x20000012   Data           2  myrtu.o(.data)
    usRegHoldingStart                        0x20000014   Data           2  myrtu.o(.data)
    ucRegCoilsBuf                            0x20000016   Data           1  myrtu.o(.data)
    ucRegDiscBuf                             0x20000017   Data           1  myrtu.o(.data)
    loopdis                                  0x20000018   Data           1  dealdata.o(.data)
    systemIntoDeepCount                      0x2000001c   Data           4  dealdata.o(.data)
    keysystemIntoDeepCount                   0x20000020   Data           4  dealdata.o(.data)
    MB_Mes                                   0x20000024   Data           1  dealdata.o(.data)
    AD_INDATA_T                              0x20000028   Data           4  ad.o(.data)
    ADC_ConvertedValue                       0x2000002c   Data           4  ad.o(.data)
    numbuf                                   0x2000003d   Data          17  lcd.o(.data)
    SHT75_PORT                               0x20000050   Data           4  sht10_75.o(.data)
    SHT75_SCK                                0x20000054   Data           2  sht10_75.o(.data)
    SHT75_SDA                                0x20000056   Data           2  sht10_75.o(.data)
    Key_T                                    0x20000058   Data           8  key.o(.data)
    MEN_T                                    0x20000060   Data           2  menu.o(.data)
    SetTemp                                  0x20000062   Data           2  menu.o(.data)
    Now_Nober                                0x20000064   Data           1  menu.o(.data)
    IO_DS18B20                               0x20000068   Data           2  ds18b20.o(.data)
    Ds18_T                                   0x20000070   Data           8  ds18b20.o(.data)
    ADIN_T                                   0x20000078   Data           1  ioinput.o(.data)
    wifi_set                                 0x2000007c   Data           4  wifi.o(.data)
    SystemCoreClock                          0x20000094   Data           4  system_stm32f10x.o(.data)
    AHBPrescTable                            0x20000098   Data          16  system_stm32f10x.o(.data)
    pxMBFrameCBByteReceived                  0x200000d0   Data           4  mb.o(.data)
    pxMBFrameCBTransmitterEmpty              0x200000d4   Data           4  mb.o(.data)
    pxMBPortCBTimerExpired                   0x200000d8   Data           4  mb.o(.data)
    pxMBFrameCBReceiveFSMCur                 0x200000dc   Data           4  mb.o(.data)
    pxMBFrameCBTransmitFSMCur                0x200000e0   Data           4  mb.o(.data)
    dt                                       0x20000170   Data          50  pbdata.o(.bss)
    STMID_T                                  0x200001a2   Data          18  pbdata.o(.bss)
    usRegInputBuf                            0x200001b4   Data          10  myrtu.o(.bss)
    usRegHoldingBuf                          0x200001be   Data         264  myrtu.o(.bss)
    USART_T                                  0x200002c8   Data         140  usart.o(.bss)
    Sys_Para_T                               0x20000354   Data         104  dealdata.o(.bss)
    TIMEREG_U                                0x200003bc   Data          10  ds1340.o(.bss)
    TIME_T                                   0x200003c8   Data          12  ds1340.o(.bss)
    TIMESET_T                                0x200003d4   Data          12  ds1340.o(.bss)
    DISBUF_U                                 0x200003e0   Data          30  lcd.o(.bss)
    SHT75_T                                  0x20000400   Data          28  sht10_75.o(.bss)
    WIFI_T                                   0x2000041c   Data         520  wifi.o(.bss)
    STOREPARAM_U                             0x20000624   Data          20  storedata.o(.bss)
    STOREDATA_U                              0x20000638   Data          20  storedata.o(.bss)
    SendDataBuf                              0x2000064c   Data        4000  storedata.o(.bss)
    SPI_FLASH_BUF                            0x200015ec   Data        4096  w25q64.o(.bss)
    ucRTUBuf                                 0x2000260c   Data         256  mbrtu.o(.bss)
    __libspace_start                         0x2000270c   Data          96  libspace.o(.bss)
    __temporary_stack_top$libspace           0x2000276c   Data           0  libspace.o(.bss)



==============================================================================

Memory Map of the image

  Image Entry point : 0x08000131

  Load Region LR_IROM1 (Base: 0x08000000, Size: 0x0000c9c8, Max: 0x00040000, ABSOLUTE, COMPRESSED[0x0000c8d4])

    Execution Region ER_IROM1 (Exec base: 0x08000000, Load base: 0x08000000, Size: 0x0000c858, Max: 0x00040000, ABSOLUTE)

    Exec Addr    Load Addr    Size         Type   Attr      Idx    E Section Name        Object

    0x08000000   0x08000000   0x00000130   Data   RO            3    RESET               startup_stm32f10x_hd.o
    0x08000130   0x08000130   0x00000008   Code   RO         1103  * !!!main             c_w.l(__main.o)
    0x08000138   0x08000138   0x00000034   Code   RO         1356    !!!scatter          c_w.l(__scatter.o)
    0x0800016c   0x0800016c   0x0000005a   Code   RO         1354    !!dczerorl2         c_w.l(__dczerorl2.o)
    0x080001c6   0x080001c6   0x00000002   PAD
    0x080001c8   0x080001c8   0x0000001c   Code   RO         1358    !!handler_zi        c_w.l(__scatter_zi.o)
    0x080001e4   0x080001e4   0x00000000   Code   RO         1088    .ARM.Collect$$_printf_percent$$00000000  c_w.l(_printf_percent.o)
    0x080001e4   0x080001e4   0x00000006   Code   RO         1087    .ARM.Collect$$_printf_percent$$00000014  c_w.l(_printf_s.o)
    0x080001ea   0x080001ea   0x00000004   Code   RO         1174    .ARM.Collect$$_printf_percent$$00000017  c_w.l(_printf_percent_end.o)
    0x080001ee   0x080001ee   0x00000002   Code   RO         1237    .ARM.Collect$$libinit$$00000000  c_w.l(libinit.o)
    0x080001f0   0x080001f0   0x00000000   Code   RO         1248    .ARM.Collect$$libinit$$00000002  c_w.l(libinit2.o)
    0x080001f0   0x080001f0   0x00000000   Code   RO         1250    .ARM.Collect$$libinit$$00000004  c_w.l(libinit2.o)
    0x080001f0   0x080001f0   0x00000000   Code   RO         1253    .ARM.Collect$$libinit$$0000000A  c_w.l(libinit2.o)
    0x080001f0   0x080001f0   0x00000000   Code   RO         1255    .ARM.Collect$$libinit$$0000000C  c_w.l(libinit2.o)
    0x080001f0   0x080001f0   0x00000000   Code   RO         1257    .ARM.Collect$$libinit$$0000000E  c_w.l(libinit2.o)
    0x080001f0   0x080001f0   0x00000000   Code   RO         1260    .ARM.Collect$$libinit$$00000011  c_w.l(libinit2.o)
    0x080001f0   0x080001f0   0x00000000   Code   RO         1262    .ARM.Collect$$libinit$$00000013  c_w.l(libinit2.o)
    0x080001f0   0x080001f0   0x00000000   Code   RO         1264    .ARM.Collect$$libinit$$00000015  c_w.l(libinit2.o)
    0x080001f0   0x080001f0   0x00000000   Code   RO         1266    .ARM.Collect$$libinit$$00000017  c_w.l(libinit2.o)
    0x080001f0   0x080001f0   0x00000000   Code   RO         1268    .ARM.Collect$$libinit$$00000019  c_w.l(libinit2.o)
    0x080001f0   0x080001f0   0x00000000   Code   RO         1270    .ARM.Collect$$libinit$$0000001B  c_w.l(libinit2.o)
    0x080001f0   0x080001f0   0x00000000   Code   RO         1272    .ARM.Collect$$libinit$$0000001D  c_w.l(libinit2.o)
    0x080001f0   0x080001f0   0x00000000   Code   RO         1274    .ARM.Collect$$libinit$$0000001F  c_w.l(libinit2.o)
    0x080001f0   0x080001f0   0x00000000   Code   RO         1276    .ARM.Collect$$libinit$$00000021  c_w.l(libinit2.o)
    0x080001f0   0x080001f0   0x00000000   Code   RO         1278    .ARM.Collect$$libinit$$00000023  c_w.l(libinit2.o)
    0x080001f0   0x080001f0   0x00000000   Code   RO         1280    .ARM.Collect$$libinit$$00000025  c_w.l(libinit2.o)
    0x080001f0   0x080001f0   0x00000000   Code   RO         1284    .ARM.Collect$$libinit$$0000002C  c_w.l(libinit2.o)
    0x080001f0   0x080001f0   0x00000000   Code   RO         1286    .ARM.Collect$$libinit$$0000002E  c_w.l(libinit2.o)
    0x080001f0   0x080001f0   0x00000000   Code   RO         1288    .ARM.Collect$$libinit$$00000030  c_w.l(libinit2.o)
    0x080001f0   0x080001f0   0x00000000   Code   RO         1290    .ARM.Collect$$libinit$$00000032  c_w.l(libinit2.o)
    0x080001f0   0x080001f0   0x00000002   Code   RO         1291    .ARM.Collect$$libinit$$00000033  c_w.l(libinit2.o)
    0x080001f2   0x080001f2   0x00000002   Code   RO         1327    .ARM.Collect$$libshutdown$$00000000  c_w.l(libshutdown.o)
    0x080001f4   0x080001f4   0x00000000   Code   RO         1337    .ARM.Collect$$libshutdown$$00000002  c_w.l(libshutdown2.o)
    0x080001f4   0x080001f4   0x00000000   Code   RO         1339    .ARM.Collect$$libshutdown$$00000004  c_w.l(libshutdown2.o)
    0x080001f4   0x080001f4   0x00000000   Code   RO         1342    .ARM.Collect$$libshutdown$$00000007  c_w.l(libshutdown2.o)
    0x080001f4   0x080001f4   0x00000000   Code   RO         1345    .ARM.Collect$$libshutdown$$0000000A  c_w.l(libshutdown2.o)
    0x080001f4   0x080001f4   0x00000000   Code   RO         1347    .ARM.Collect$$libshutdown$$0000000C  c_w.l(libshutdown2.o)
    0x080001f4   0x080001f4   0x00000000   Code   RO         1350    .ARM.Collect$$libshutdown$$0000000F  c_w.l(libshutdown2.o)
    0x080001f4   0x080001f4   0x00000002   Code   RO         1351    .ARM.Collect$$libshutdown$$00000010  c_w.l(libshutdown2.o)
    0x080001f6   0x080001f6   0x00000000   Code   RO         1167    .ARM.Collect$$rtentry$$00000000  c_w.l(__rtentry.o)
    0x080001f6   0x080001f6   0x00000000   Code   RO         1199    .ARM.Collect$$rtentry$$00000002  c_w.l(__rtentry2.o)
    0x080001f6   0x080001f6   0x00000006   Code   RO         1211    .ARM.Collect$$rtentry$$00000004  c_w.l(__rtentry4.o)
    0x080001fc   0x080001fc   0x00000000   Code   RO         1201    .ARM.Collect$$rtentry$$00000009  c_w.l(__rtentry2.o)
    0x080001fc   0x080001fc   0x00000004   Code   RO         1202    .ARM.Collect$$rtentry$$0000000A  c_w.l(__rtentry2.o)
    0x08000200   0x08000200   0x00000000   Code   RO         1204    .ARM.Collect$$rtentry$$0000000C  c_w.l(__rtentry2.o)
    0x08000200   0x08000200   0x00000008   Code   RO         1205    .ARM.Collect$$rtentry$$0000000D  c_w.l(__rtentry2.o)
    0x08000208   0x08000208   0x00000002   Code   RO         1241    .ARM.Collect$$rtexit$$00000000  c_w.l(rtexit.o)
    0x0800020a   0x0800020a   0x00000000   Code   RO         1293    .ARM.Collect$$rtexit$$00000002  c_w.l(rtexit2.o)
    0x0800020a   0x0800020a   0x00000004   Code   RO         1294    .ARM.Collect$$rtexit$$00000003  c_w.l(rtexit2.o)
    0x0800020e   0x0800020e   0x00000006   Code   RO         1295    .ARM.Collect$$rtexit$$00000004  c_w.l(rtexit2.o)
    0x08000214   0x08000214   0x00000040   Code   RO            4    .text               startup_stm32f10x_hd.o
    0x08000254   0x08000254   0x000000fc   Code   RO           10    .text               main.o
    0x08000350   0x08000350   0x00000278   Code   RO          199    .text               pbdata.o
    0x080005c8   0x080005c8   0x000001b0   Code   RO          221    .text               stm32f10x_it.o
    0x08000778   0x08000778   0x00000200   Code   RO          236    .text               time.o
    0x08000978   0x08000978   0x000001b8   Code   RO          254    .text               myrtu.o
    0x08000b30   0x08000b30   0x000007dc   Code   RO          273    .text               usart.o
    0x0800130c   0x0800130c   0x00000b3c   Code   RO          291    .text               dealdata.o
    0x08001e48   0x08001e48   0x00000140   Code   RO          323    .text               ad.o
    0x08001f88   0x08001f88   0x00000060   Code   RO          341    .text               beep.o
    0x08001fe8   0x08001fe8   0x0000086c   Code   RO          353    .text               disdata.o
    0x08002854   0x08002854   0x00000314   Code   RO          366    .text               ds1340.o
    0x08002b68   0x08002b68   0x00000238   Code   RO          384    .text               ds1340iic.o
    0x08002da0   0x08002da0   0x000014d8   Code   RO          396    .text               lcd.o
    0x08004278   0x08004278   0x00000278   Code   RO          415    .text               lcdiic.o
    0x080044f0   0x080044f0   0x00000054   Code   RO          427    .text               led.o
    0x08004544   0x08004544   0x000003f8   Code   RO          439    .text               sht10_75.o
    0x0800493c   0x0800493c   0x000000f8   Code   RO          458    .text               key.o
    0x08004a34   0x08004a34   0x0000001c   Code   RO          476    .text               tp4054.o
    0x08004a50   0x08004a50   0x000020dc   Code   RO          488    .text               menu.o
    0x08006b2c   0x08006b2c   0x00000058   Code   RO          524    .text               ioinput.o
    0x08006b84   0x08006b84   0x000001cc   Code   RO          542    .text               wifi.o
    0x08006d50   0x08006d50   0x00000480   Code   RO          561    .text               storedata.o
    0x080071d0   0x080071d0   0x000000a8   Code   RO          580    .text               spi.o
    0x08007278   0x08007278   0x000003bc   Code   RO          592    .text               w25q64.o
    0x08007634   0x08007634   0x0000035c   Code   RO          607    .text               stm32f10x_gpio.o
    0x08007990   0x08007990   0x000003a4   Code   RO          619    .text               stm32f10x_rcc.o
    0x08007d34   0x08007d34   0x000000dc   Code   RO          633    .text               misc.o
    0x08007e10   0x08007e10   0x00000e1a   Code   RO          657    .text               stm32f10x_tim.o
    0x08008c2a   0x08008c2a   0x00000002   PAD
    0x08008c2c   0x08008c2c   0x00000408   Code   RO          669    .text               stm32f10x_usart.o
    0x08009034   0x08009034   0x0000044e   Code   RO          681    .text               stm32f10x_adc.o
    0x08009482   0x08009482   0x00000002   PAD
    0x08009484   0x08009484   0x0000030c   Code   RO          693    .text               stm32f10x_spi.o
    0x08009790   0x08009790   0x000005bc   Code   RO          705    .text               stm32f10x_flash.o
    0x08009d4c   0x08009d4c   0x00000254   Code   RO          729    .text               stm32f10x_dma.o
    0x08009fa0   0x08009fa0   0x000000cc   Code   RO          741    .text               stm32f10x_pwr.o
    0x0800a06c   0x0800a06c   0x000001a8   Code   RO          753    .text               system_stm32f10x.o
    0x0800a214   0x0800a214   0x000001ae   Code   RO          778    .text               mbfunccoils.o
    0x0800a3c2   0x0800a3c2   0x000000ac   Code   RO          805    .text               mbfuncdisc.o
    0x0800a46e   0x0800a46e   0x00000210   Code   RO          817    .text               mbfuncholding.o
    0x0800a67e   0x0800a67e   0x0000008c   Code   RO          829    .text               mbfuncinput.o
    0x0800a70a   0x0800a70a   0x00000002   PAD
    0x0800a70c   0x0800a70c   0x00000094   Code   RO          841    .text               mbfuncother.o
    0x0800a7a0   0x0800a7a0   0x000000e0   Code   RO          856    .text               mbutils.o
    0x0800a880   0x0800a880   0x00000038   Code   RO          868    .text               mbcrc.o
    0x0800a8b8   0x0800a8b8   0x00000338   Code   RO          885    .text               mbrtu.o
    0x0800abf0   0x0800abf0   0x00000268   Code   RO          995    .text               mb.o
    0x0800ae58   0x0800ae58   0x0000003c   Code   RO         1019    .text               portevent.o
    0x0800ae94   0x0800ae94   0x000000f0   Code   RO         1033    .text               portserial.o
    0x0800af84   0x0800af84   0x00000088   Code   RO         1045    .text               porttimer.o
    0x0800b00c   0x0800b00c   0x00000028   Code   RO         1061    .text               c_w.l(noretval__2sprintf.o)
    0x0800b034   0x0800b034   0x00000068   Code   RO         1063    .text               c_w.l(__printf.o)
    0x0800b09c   0x0800b09c   0x00000052   Code   RO         1065    .text               c_w.l(_printf_str.o)
    0x0800b0ee   0x0800b0ee   0x00000002   PAD
    0x0800b0f0   0x0800b0f0   0x00000080   Code   RO         1089    .text               c_w.l(assert.o)
    0x0800b170   0x0800b170   0x00000024   Code   RO         1091    .text               c_w.l(strstr.o)
    0x0800b194   0x0800b194   0x0000003e   Code   RO         1093    .text               c_w.l(strlen.o)
    0x0800b1d2   0x0800b1d2   0x0000008a   Code   RO         1095    .text               c_w.l(rt_memcpy_v6.o)
    0x0800b25c   0x0800b25c   0x00000044   Code   RO         1097    .text               c_w.l(rt_memclr.o)
    0x0800b2a0   0x0800b2a0   0x0000004e   Code   RO         1099    .text               c_w.l(rt_memclr_w.o)
    0x0800b2ee   0x0800b2ee   0x00000006   Code   RO         1101    .text               c_w.l(heapauxi.o)
    0x0800b2f4   0x0800b2f4   0x00000030   Code   RO         1168    .text               c_w.l(_printf_char_common.o)
    0x0800b324   0x0800b324   0x0000000a   Code   RO         1170    .text               c_w.l(_sputc.o)
    0x0800b32e   0x0800b32e   0x0000002c   Code   RO         1172    .text               c_w.l(_printf_char.o)
    0x0800b35a   0x0800b35a   0x00000016   Code   RO         1175    .text               c_w.l(abort.o)
    0x0800b370   0x0800b370   0x00000014   Code   RO         1177    .text               c_w.l(assert_puts.o)
    0x0800b384   0x0800b384   0x00000064   Code   RO         1179    .text               c_w.l(rt_memcpy_w.o)
    0x0800b3e8   0x0800b3e8   0x0000000e   Code   RO         1194    .text               c_w.l(sys_wrch.o)
    0x0800b3f6   0x0800b3f6   0x00000002   PAD
    0x0800b3f8   0x0800b3f8   0x0000000c   Code   RO         1196    .text               c_w.l(sys_exit.o)
    0x0800b404   0x0800b404   0x0000000e   Code   RO         1215    .text               c_w.l(defsig_abrt_outer.o)
    0x0800b412   0x0800b412   0x00000002   Code   RO         1219    .text               c_w.l(use_no_semi.o)
    0x0800b414   0x0800b414   0x00000000   Code   RO         1221    .text               c_w.l(indicate_semi.o)
    0x0800b414   0x0800b414   0x0000004a   Code   RO         1222    .text               c_w.l(sys_stackheap_outer.o)
    0x0800b45e   0x0800b45e   0x00000012   Code   RO         1226    .text               c_w.l(exit.o)
    0x0800b470   0x0800b470   0x0000000a   Code   RO         1228    .text               c_w.l(defsig_exit.o)
    0x0800b47a   0x0800b47a   0x00000002   PAD
    0x0800b47c   0x0800b47c   0x00000030   Code   RO         1230    .text               c_w.l(defsig_abrt_inner.o)
    0x0800b4ac   0x0800b4ac   0x00000008   Code   RO         1238    .text               c_w.l(libspace.o)
    0x0800b4b4   0x0800b4b4   0x00000032   Code   RO         1245    .text               c_w.l(defsig_general.o)
    0x0800b4e6   0x0800b4e6   0x00000002   PAD
    0x0800b4e8   0x0800b4e8   0x00000062   Code   RO         1105    x$fpl$d2f           fz_ws.l(d2f.o)
    0x0800b54a   0x0800b54a   0x00000002   PAD
    0x0800b54c   0x0800b54c   0x00000150   Code   RO         1107    x$fpl$dadd          fz_ws.l(daddsub_clz.o)
    0x0800b69c   0x0800b69c   0x00000018   Code   RO         1181    x$fpl$dcmpinf       fz_ws.l(dcmpi.o)
    0x0800b6b4   0x0800b6b4   0x000002b0   Code   RO         1114    x$fpl$ddiv          fz_ws.l(ddiv.o)
    0x0800b964   0x0800b964   0x0000005e   Code   RO         1117    x$fpl$dfix          fz_ws.l(dfix.o)
    0x0800b9c2   0x0800b9c2   0x00000002   PAD
    0x0800b9c4   0x0800b9c4   0x00000078   Code   RO         1127    x$fpl$dleqf         fz_ws.l(dleqf.o)
    0x0800ba3c   0x0800ba3c   0x00000154   Code   RO         1129    x$fpl$dmul          fz_ws.l(dmul.o)
    0x0800bb90   0x0800bb90   0x0000009c   Code   RO         1183    x$fpl$dnaninf       fz_ws.l(dnaninf.o)
    0x0800bc2c   0x0800bc2c   0x0000000c   Code   RO         1185    x$fpl$dretinf       fz_ws.l(dretinf.o)
    0x0800bc38   0x0800bc38   0x0000006c   Code   RO         1131    x$fpl$drleqf        fz_ws.l(drleqf.o)
    0x0800bca4   0x0800bca4   0x000001d4   Code   RO         1109    x$fpl$dsub          fz_ws.l(daddsub_clz.o)
    0x0800be78   0x0800be78   0x00000056   Code   RO         1133    x$fpl$f2d           fz_ws.l(f2d.o)
    0x0800bece   0x0800bece   0x00000002   PAD
    0x0800bed0   0x0800bed0   0x000000c4   Code   RO         1135    x$fpl$fadd          fz_ws.l(faddsub_clz.o)
    0x0800bf94   0x0800bf94   0x00000018   Code   RO         1187    x$fpl$fcmpinf       fz_ws.l(fcmpi.o)
    0x0800bfac   0x0800bfac   0x00000184   Code   RO         1142    x$fpl$fdiv          fz_ws.l(fdiv.o)
    0x0800c130   0x0800c130   0x00000068   Code   RO         1145    x$fpl$feqf          fz_ws.l(feqf.o)
    0x0800c198   0x0800c198   0x00000036   Code   RO         1147    x$fpl$ffix          fz_ws.l(ffix.o)
    0x0800c1ce   0x0800c1ce   0x00000002   PAD
    0x0800c1d0   0x0800c1d0   0x0000003e   Code   RO         1151    x$fpl$ffixu         fz_ws.l(ffixu.o)
    0x0800c20e   0x0800c20e   0x00000002   PAD
    0x0800c210   0x0800c210   0x00000030   Code   RO         1156    x$fpl$fflt          fz_ws.l(fflt_clz.o)
    0x0800c240   0x0800c240   0x00000026   Code   RO         1155    x$fpl$ffltu         fz_ws.l(fflt_clz.o)
    0x0800c266   0x0800c266   0x00000002   PAD
    0x0800c268   0x0800c268   0x00000068   Code   RO         1161    x$fpl$fleqf         fz_ws.l(fleqf.o)
    0x0800c2d0   0x0800c2d0   0x00000102   Code   RO         1163    x$fpl$fmul          fz_ws.l(fmul.o)
    0x0800c3d2   0x0800c3d2   0x0000008c   Code   RO         1189    x$fpl$fnaninf       fz_ws.l(fnaninf.o)
    0x0800c45e   0x0800c45e   0x0000000a   Code   RO         1191    x$fpl$fretinf       fz_ws.l(fretinf.o)
    0x0800c468   0x0800c468   0x00000062   Code   RO         1165    x$fpl$frleqf        fz_ws.l(frleqf.o)
    0x0800c4ca   0x0800c4ca   0x00000002   PAD
    0x0800c4cc   0x0800c4cc   0x000000ea   Code   RO         1137    x$fpl$fsub          fz_ws.l(faddsub_clz.o)
    0x0800c5b6   0x0800c5b6   0x00000000   Code   RO         1193    x$fpl$usenofp       fz_ws.l(usenofp.o)
    0x0800c5b6   0x0800c5b6   0x00000002   PAD
    0x0800c5b8   0x0800c5b8   0x00000004   Data   RO          293    .constdata          dealdata.o
    0x0800c5bc   0x0800c5bc   0x00000018   Data   RO          563    .constdata          storedata.o
    0x0800c5d4   0x0800c5d4   0x00000200   Data   RO          869    .constdata          mbcrc.o
    0x0800c7d4   0x0800c7d4   0x00000063   Data   RO          887    .conststring        mbrtu.o
    0x0800c837   0x0800c837   0x00000001   PAD
    0x0800c838   0x0800c838   0x00000020   Data   RO         1352    Region$$Table       anon$$obj.o


    Execution Region RW_IRAM1 (Exec base: 0x20000000, Load base: 0x0800c858, Size: 0x00002d70, Max: 0x0000c000, ABSOLUTE, COMPRESSED[0x0000007c])

    Exec Addr    Load Addr    Size         Type   Attr      Idx    E Section Name        Object

    0x20000000   COMPRESSED   0x00000012   Data   RW          237    .data               time.o
    0x20000012   COMPRESSED   0x00000006   Data   RW          256    .data               myrtu.o
    0x20000018   COMPRESSED   0x0000000d   Data   RW          294    .data               dealdata.o
    0x20000025   COMPRESSED   0x00000003   PAD
    0x20000028   COMPRESSED   0x00000008   Data   RW          324    .data               ad.o
    0x20000030   COMPRESSED   0x0000000d   Data   RW          354    .data               disdata.o
    0x2000003d   COMPRESSED   0x00000011   Data   RW          398    .data               lcd.o
    0x2000004e   COMPRESSED   0x00000002   PAD
    0x20000050   COMPRESSED   0x00000008   Data   RW          441    .data               sht10_75.o
    0x20000058   COMPRESSED   0x00000008   Data   RW          459    .data               key.o
    0x20000060   COMPRESSED   0x00000005   Data   RW          489    .data               menu.o
    0x20000065   COMPRESSED   0x00000003   PAD
    0x20000068   COMPRESSED   0x00000010   Data   RW          507    .data               ds18b20.o
    0x20000078   COMPRESSED   0x00000001   Data   RW          525    .data               ioinput.o
    0x20000079   COMPRESSED   0x00000003   PAD
    0x2000007c   COMPRESSED   0x00000004   Data   RW          544    .data               wifi.o
    0x20000080   COMPRESSED   0x00000014   Data   RW          620    .data               stm32f10x_rcc.o
    0x20000094   COMPRESSED   0x00000014   Data   RW          754    .data               system_stm32f10x.o
    0x200000a8   COMPRESSED   0x00000002   Data   RW          843    .data               mbfuncother.o
    0x200000aa   COMPRESSED   0x00000002   PAD
    0x200000ac   COMPRESSED   0x0000000c   Data   RW          888    .data               mbrtu.o
    0x200000b8   COMPRESSED   0x000000b5   Data   RW          996    .data               mb.o
    0x2000016d   COMPRESSED   0x00000002   Data   RW         1020    .data               portevent.o
    0x2000016f   COMPRESSED   0x00000001   PAD
    0x20000170        -       0x00000044   Zero   RW          200    .bss                pbdata.o
    0x200001b4        -       0x00000112   Zero   RW          255    .bss                myrtu.o
    0x200002c6   COMPRESSED   0x00000002   PAD
    0x200002c8        -       0x0000008c   Zero   RW          274    .bss                usart.o
    0x20000354        -       0x00000068   Zero   RW          292    .bss                dealdata.o
    0x200003bc        -       0x00000024   Zero   RW          367    .bss                ds1340.o
    0x200003e0        -       0x0000001e   Zero   RW          397    .bss                lcd.o
    0x200003fe   COMPRESSED   0x00000002   PAD
    0x20000400        -       0x0000001c   Zero   RW          440    .bss                sht10_75.o
    0x2000041c        -       0x00000208   Zero   RW          543    .bss                wifi.o
    0x20000624        -       0x00000fc8   Zero   RW          562    .bss                storedata.o
    0x200015ec        -       0x00001000   Zero   RW          593    .bss                w25q64.o
    0x200025ec        -       0x00000020   Zero   RW          842    .bss                mbfuncother.o
    0x2000260c        -       0x00000100   Zero   RW          886    .bss                mbrtu.o
    0x2000270c        -       0x00000060   Zero   RW         1239    .bss                c_w.l(libspace.o)
    0x2000276c   COMPRESSED   0x00000004   PAD
    0x20002770        -       0x00000200   Zero   RW            2    HEAP                startup_stm32f10x_hd.o
    0x20002970        -       0x00000400   Zero   RW            1    STACK               startup_stm32f10x_hd.o


==============================================================================

Image component sizes


      Code (inc. data)   RO Data    RW Data    ZI Data      Debug   Object Name

       320         18          0          8          0       1979   ad.o
        96          6          0          0          0        713   beep.o
      2876        108          4         13        104       5987   dealdata.o
      2156        118          0         13          0       2855   disdata.o
       788         10          0          0         36       3596   ds1340.o
       568          6          0          0          0       2225   ds1340iic.o
         0          0          0         16          0        644   ds18b20.o
        88         14          0          1          0       1317   ioinput.o
       248         18          0          8          0       2009   key.o
      5336         74          0         17         30      17468   lcd.o
       632          4          0          0          0       2079   lcdiic.o
        84          4          0          0          0        642   led.o
       252         14          0          0          0     290677   main.o
       616         96          0        181          0       3846   mb.o
        56          8        512          0          0       1072   mbcrc.o
       430          0          0          0          0       3466   mbfunccoils.o
       172          0          0          0          0       1484   mbfuncdisc.o
       528          0          0          0          0       3789   mbfuncholding.o
       140          0          0          0          0       1443   mbfuncinput.o
       148          8          0          2         32       1665   mbfuncother.o
       824        150         99         12        256       3653   mbrtu.o
       224         44          0          0          0       1858   mbutils.o
      8412        258          0          5          0      11790   menu.o
       220         22          0          0          0       1669   misc.o
       440         28          0          6        274       2840   myrtu.o
       632         18          0          0         68      19511   pbdata.o
        60          8          0          2          0       1360   portevent.o
       240         16          0          0          0       1959   portserial.o
       136          6          0          0          0        937   porttimer.o
      1016         36          0          8         28       4422   sht10_75.o
       168         10          0          0          0        753   spi.o
        64         26        304          0       1536        796   startup_stm32f10x_hd.o
      1102         26          0          0          0      10909   stm32f10x_adc.o
       596          8          0          0          0       4230   stm32f10x_dma.o
      1468         34          0          0          0       8074   stm32f10x_flash.o
       860         38          0          0          0       5605   stm32f10x_gpio.o
       432         34          0          0          0       2749   stm32f10x_it.o
       204         14          0          0          0       1895   stm32f10x_pwr.o
       932         36          0         20          0       8736   stm32f10x_rcc.o
       780         14          0          0          0       6482   stm32f10x_spi.o
      3610         88          0          0          0      22712   stm32f10x_tim.o
      1032         22          0          0          0       8324   stm32f10x_usart.o
      1152        114         24          0       4040       3424   storedata.o
       424         36          0         20          0       1667   system_stm32f10x.o
       512         56          0         18          0       2017   time.o
        28          4          0          0          0        456   tp4054.o
      2012         60          0          0        140       6139   usart.o
       956         18          0          0       4096       4178   w25q64.o
       460         92          0          4        520       2546   wifi.o

    ----------------------------------------------------------------------
     44536       1822        976        368      11164     500647   Object Totals
         0          0         32          0          0          0   (incl. Generated)
         6          0          1         14          4          0   (incl. Padding)

    ----------------------------------------------------------------------

      Code (inc. data)   RO Data    RW Data    ZI Data      Debug   Library Member Name

        90          0          0          0          0          0   __dczerorl2.o
         8          0          0          0          0         68   __main.o
       104          0          0          0          0         84   __printf.o
         0          0          0          0          0          0   __rtentry.o
        12          0          0          0          0          0   __rtentry2.o
         6          0          0          0          0          0   __rtentry4.o
        52          8          0          0          0          0   __scatter.o
        28          0          0          0          0          0   __scatter_zi.o
        44          0          0          0          0        108   _printf_char.o
        48          6          0          0          0         96   _printf_char_common.o
         0          0          0          0          0          0   _printf_percent.o
         4          0          0          0          0          0   _printf_percent_end.o
         6          0          0          0          0          0   _printf_s.o
        82          0          0          0          0         80   _printf_str.o
        10          0          0          0          0         68   _sputc.o
        22          0          0          0          0         80   abort.o
       128         42          0          0          0         76   assert.o
        20          0          0          0          0         76   assert_puts.o
        48         34          0          0          0         76   defsig_abrt_inner.o
        14          0          0          0          0         80   defsig_abrt_outer.o
        10          0          0          0          0         68   defsig_exit.o
        50          0          0          0          0         88   defsig_general.o
        18          0          0          0          0         80   exit.o
         6          0          0          0          0        152   heapauxi.o
         0          0          0          0          0          0   indicate_semi.o
         2          0          0          0          0          0   libinit.o
         2          0          0          0          0          0   libinit2.o
         2          0          0          0          0          0   libshutdown.o
         2          0          0          0          0          0   libshutdown2.o
         8          4          0          0         96         68   libspace.o
        40          6          0          0          0         84   noretval__2sprintf.o
        68          0          0          0          0         68   rt_memclr.o
        78          0          0          0          0         80   rt_memclr_w.o
       138          0          0          0          0         68   rt_memcpy_v6.o
       100          0          0          0          0         80   rt_memcpy_w.o
         2          0          0          0          0          0   rtexit.o
        10          0          0          0          0          0   rtexit2.o
        62          0          0          0          0         76   strlen.o
        36          0          0          0          0         80   strstr.o
        12          4          0          0          0         68   sys_exit.o
        74          0          0          0          0         80   sys_stackheap_outer.o
        14          0          0          0          0         76   sys_wrch.o
         2          0          0          0          0         68   use_no_semi.o
        98          4          0          0          0         92   d2f.o
       804         16          0          0          0        272   daddsub_clz.o
        24          0          0          0          0         68   dcmpi.o
       688        140          0          0          0        208   ddiv.o
        94          4          0          0          0         92   dfix.o
       120          4          0          0          0         92   dleqf.o
       340         12          0          0          0        104   dmul.o
       156          4          0          0          0         92   dnaninf.o
        12          0          0          0          0         68   dretinf.o
       108          0          0          0          0         80   drleqf.o
        86          4          0          0          0         84   f2d.o
       430          8          0          0          0        168   faddsub_clz.o
        24          0          0          0          0         68   fcmpi.o
       388         76          0          0          0         96   fdiv.o
       104          4          0          0          0         84   feqf.o
        54          4          0          0          0         84   ffix.o
        62          4          0          0          0         84   ffixu.o
        86          0          0          0          0        136   fflt_clz.o
       104          4          0          0          0         84   fleqf.o
       258          4          0          0          0         84   fmul.o
       140          4          0          0          0         84   fnaninf.o
        10          0          0          0          0         68   fretinf.o
        98          0          0          0          0         68   frleqf.o
         0          0          0          0          0          0   usenofp.o

    ----------------------------------------------------------------------
      5776        400          0          0        100       4536   Library Totals
        26          0          0          0          4          0   (incl. Padding)

    ----------------------------------------------------------------------

      Code (inc. data)   RO Data    RW Data    ZI Data      Debug   Library Name

      1462        104          0          0         96       2176   c_w.l
      4288        296          0          0          0       2360   fz_ws.l

    ----------------------------------------------------------------------
      5776        400          0          0        100       4536   Library Totals

    ----------------------------------------------------------------------

==============================================================================


      Code (inc. data)   RO Data    RW Data    ZI Data      Debug   

     50312       2222        976        368      11264     498679   Grand Totals
     50312       2222        976        124      11264     498679   ELF Image Totals (compressed)
     50312       2222        976        124          0          0   ROM Totals

==============================================================================

    Total RO  Size (Code + RO Data)                51288 (  50.09kB)
    Total RW  Size (RW Data + ZI Data)             11632 (  11.36kB)
    Total ROM Size (Code + RO Data + RW Data)      51412 (  50.21kB)

==============================================================================

