<html>
<body>
<pre>
<h1>礦ision Build Log</h1>
<h2>Project:</h2>
D:\Arduino WorkSpace\STM32平衡车1\STM32平衡车\BST Balance.uvproj
Project File Date:  04/28/2017

<h2>Output:</h2>
Build target 'Target 1'
compiling upstandingcar.c...
linking...
Program Size: Code=37300 RO-data=3828 RW-data=532 ZI-data=1572  
FromELF: creating hex file...
".\Output\BST Balance check.axf" - 0 Error(s), 0 Warning(s).
Load "D:\\Arduino WorkSpace\\STM32平衡车1\\STM32平衡车\\Output\\BST Balance check.AXF" 
Set JLink Project File to "D:\Arduino WorkSpace\STM32平衡车1\STM32平衡车\JLinkSettings.ini"
 
JLink info:
------------
DLL: V4.15n, compiled Jun 18 2010 19:55:09
Firmware: J-Link ARM V8 compiled Aug  1 2012 13:40:47
Hardware: V8.00
S/N : 17892859 
Feature(s) : RDI,FlashDL,FlashBP,JFlash 
 
**JLink Warning: RESET (pin 15) high, but should be low. Please check target hardware.
**JLink Warning: No matching core found.
* JLink Info: SYSRESETREQ has confused core. Trying to reconnect and use VECTRESET.
**JLink Warning: RESET (pin 15) high, but should be low. Please check target hardware.
**JLink Warning: Failed to reset CPU. VECTRESET has confused core.
**JLink Warning: RESET (pin 15) high, but should be low. Please check target hardware.
**JLink Warning: CPU did not halt after reset.
* JLink Info: Core did not halt after reset, trying to disable WDT.
**JLink Warning: RESET (pin 15) high, but should be low. Please check target hardware.
* JLink Info: CPU core locked up
* JLink Info: CPU halted
* JLink Info: Core is locked-up, trying to disable WDT.
* JLink Info: CPU core locked up
* JLink Info: CPU halted
* JLink Info: CPU core locked up
* JLink Info: CPU halted
**JLink Warning: S_RESET_ST not cleared
* JLink Info: Found SWD-DP with ID 0x1BA01477
***JLink Error: Supply voltage too low (1 Volt is required, Measured: 0.0 Volt).
Please check target power.
CPU not halted
**JLink Warning: Target system has been power-cycled
* JLink Info: Found SWD-DP with ID 0x1BA01477
* JLink Info: TPIU fitted.
* JLink Info:   FPUnit: 6 code (BP) slots and 2 literal slots
ROMTableAddr = 0xE00FF003
 
Target info:
------------
Device: STM32F103C8
VTarget = 3.280V
State of Pins: 
TCK: 0, TDI: 0, TDO: 0, TMS: 1, TRES: 0, TRST: 0
* JLink Info: Found SWD-DP with ID 0x1BA01477
* JLink Info: TPIU fitted.
* JLink Info:   FPUnit: 6 code (BP) slots and 2 literal slots
Hardware-Breakpoints: 6
Software-Breakpoints: 2048
Watchpoints:          4
JTAG speed: 1000 kHz
 
Erase Done.
Programming Done.
Verify OK.
* JLink Info: Found SWD-DP with ID 0x1BA01477
* JLink Info: TPIU fitted.
* JLink Info:   FPUnit: 6 code (BP) slots and 2 literal slots
Application running ...
Load "D:\\Arduino WorkSpace\\STM32平衡车1\\STM32平衡车\\Output\\BST Balance check.AXF" 
Set JLink Project File to "D:\Arduino WorkSpace\STM32平衡车1\STM32平衡车\JLinkSettings.ini"
 
JLink info:
------------
DLL: V4.15n, compiled Jun 18 2010 19:55:09
Firmware: J-Link ARM V8 compiled Aug  1 2012 13:40:47
Hardware: V8.00
S/N : 17892859 
Feature(s) : RDI,FlashDL,FlashBP,JFlash 
 
* JLink Info: Found SWD-DP with ID 0x1BA01477
* JLink Info: TPIU fitted.
* JLink Info:   FPUnit: 6 code (BP) slots and 2 literal slots
ROMTableAddr = 0xE00FF003
 
Target info:
------------
Device: STM32F103C8
VTarget = 3.287V
State of Pins: 
TCK: 0, TDI: 0, TDO: 0, TMS: 1, TRES: 1, TRST: 1
* JLink Info: Found SWD-DP with ID 0x1BA01477
* JLink Info: TPIU fitted.
* JLink Info:   FPUnit: 6 code (BP) slots and 2 literal slots
Hardware-Breakpoints: 6
Software-Breakpoints: 2048
Watchpoints:          4
JTAG speed: 1000 kHz
 
Erase Done.
Programming Done.
Verify OK.
* JLink Info: Found SWD-DP with ID 0x1BA01477
* JLink Info: TPIU fitted.
* JLink Info:   FPUnit: 6 code (BP) slots and 2 literal slots
Application running ...
Build target 'Target 1'
compiling main.c...
User\main.c(82): warning:  #223-D: function "CalcUpData" declared implicitly
User\main.c:            CalcUpData();
User\main.c:            ^
User\main.c: User\main.c: 1 warning, 0 errors
compiling stm32f10x_it.c...
compiling upstandingcar.c...
User\upstandingcar.c(504): error:  #268: declaration may not appear after executable statement in block
User\upstandingcar.c:           float ls = BST_fLeftMotorOut,rs = BST_fRightMotorOut;
User\upstandingcar.c:           ^
User\upstandingcar.c(505): error:  #268: declaration may not appear after executable statement in block
User\upstandingcar.c:           short s_Acc = accel[1], s_Gyro = gyro[0];
User\upstandingcar.c:           ^
User\upstandingcar.c: User\upstandingcar.c: 0 warnings, 2 errors
compiling timer.c...
Target not created
Build target 'Target 1'
compiling upstandingcar.c...
User\upstandingcar.c(504): error:  #268: declaration may not appear after executable statement in block
User\upstandingcar.c:           float ls = BST_fLeftMotorOut,rs = BST_fRightMotorOut;
User\upstandingcar.c:           ^
User\upstandingcar.c(505): error:  #268: declaration may not appear after executable statement in block
User\upstandingcar.c:           short s_Acc = accel[1], s_Gyro = gyro[0];
User\upstandingcar.c:           ^
User\upstandingcar.c: User\upstandingcar.c: 0 warnings, 2 errors
Target not created
Build target 'Target 1'
compiling upstandingcar.c...
User\upstandingcar.c(504): error:  #268: declaration may not appear after executable statement in block
User\upstandingcar.c:           float ls = BST_fLeftMotorOut;
User\upstandingcar.c:           ^
User\upstandingcar.c(505): error:  #268: declaration may not appear after executable statement in block
User\upstandingcar.c:           float rs = BST_fRightMotorOut;
User\upstandingcar.c:           ^
User\upstandingcar.c(506): error:  #268: declaration may not appear after executable statement in block
User\upstandingcar.c:           short s_Acc = accel[1];
User\upstandingcar.c:           ^
User\upstandingcar.c(507): error:  #268: declaration may not appear after executable statement in block
User\upstandingcar.c:           short s_Gyro = gyro[0];
User\upstandingcar.c:           ^
User\upstandingcar.c: User\upstandingcar.c: 0 warnings, 4 errors
Target not created
Build target 'Target 1'
compiling upstandingcar.c...
linking...
Program Size: Code=37340 RO-data=3828 RW-data=532 ZI-data=1572  
FromELF: creating hex file...
".\Output\BST Balance check.axf" - 0 Error(s), 0 Warning(s).
Load "D:\\Arduino WorkSpace\\STM32平衡车1\\STM32平衡车\\Output\\BST Balance check.AXF" 
Set JLink Project File to "D:\Arduino WorkSpace\STM32平衡车1\STM32平衡车\JLinkSettings.ini"
 
JLink info:
------------
DLL: V4.15n, compiled Jun 18 2010 19:55:09
Firmware: J-Link ARM V8 compiled Aug  1 2012 13:40:47
Hardware: V8.00
S/N : 17892859 
Feature(s) : RDI,FlashDL,FlashBP,JFlash 
 
* JLink Info: Found SWD-DP with ID 0x1BA01477
* JLink Info: TPIU fitted.
* JLink Info:   FPUnit: 6 code (BP) slots and 2 literal slots
ROMTableAddr = 0xE00FF003
 
Target info:
------------
Device: STM32F103C8
VTarget = 3.287V
State of Pins: 
TCK: 0, TDI: 0, TDO: 0, TMS: 1, TRES: 1, TRST: 1
* JLink Info: Found SWD-DP with ID 0x1BA01477
* JLink Info: TPIU fitted.
* JLink Info:   FPUnit: 6 code (BP) slots and 2 literal slots
Hardware-Breakpoints: 6
Software-Breakpoints: 2048
Watchpoints:          4
JTAG speed: 1000 kHz
 
Erase Done.
Programming Done.
Verify OK.
* JLink Info: Found SWD-DP with ID 0x1BA01477
* JLink Info: TPIU fitted.
* JLink Info:   FPUnit: 6 code (BP) slots and 2 literal slots
Application running ...
Build target 'Target 1'
compiling upstandingcar.c...
linking...
Program Size: Code=37340 RO-data=3828 RW-data=532 ZI-data=1572  
FromELF: creating hex file...
".\Output\BST Balance check.axf" - 0 Error(s), 0 Warning(s).
Load "D:\\Arduino WorkSpace\\STM32平衡车1\\STM32平衡车\\Output\\BST Balance check.AXF" 
Set JLink Project File to "D:\Arduino WorkSpace\STM32平衡车1\STM32平衡车\JLinkSettings.ini"
 
JLink info:
------------
DLL: V4.15n, compiled Jun 18 2010 19:55:09
Firmware: J-Link ARM V8 compiled Aug  1 2012 13:40:47
Hardware: V8.00
S/N : 17892859 
Feature(s) : RDI,FlashDL,FlashBP,JFlash 
 
* JLink Info: Found SWD-DP with ID 0x1BA01477
* JLink Info: TPIU fitted.
* JLink Info:   FPUnit: 6 code (BP) slots and 2 literal slots
ROMTableAddr = 0xE00FF003
 
Target info:
------------
Device: STM32F103C8
VTarget = 3.617V
State of Pins: 
TCK: 0, TDI: 0, TDO: 0, TMS: 1, TRES: 1, TRST: 1
* JLink Info: Found SWD-DP with ID 0x1BA01477
* JLink Info: TPIU fitted.
* JLink Info:   FPUnit: 6 code (BP) slots and 2 literal slots
Hardware-Breakpoints: 6
Software-Breakpoints: 2048
Watchpoints:          4
JTAG speed: 1000 kHz
 
Erase Done.
Programming Done.
Verify OK.
* JLink Info: Found SWD-DP with ID 0x1BA01477
* JLink Info: TPIU fitted.
* JLink Info:   FPUnit: 6 code (BP) slots and 2 literal slots
Application running ...
Build target 'Target 1'
compiling upstandingcar.c...
linking...
Program Size: Code=37316 RO-data=3828 RW-data=532 ZI-data=1572  
FromELF: creating hex file...
".\Output\BST Balance check.axf" - 0 Error(s), 0 Warning(s).
Load "D:\\Arduino WorkSpace\\STM32平衡车1\\STM32平衡车\\Output\\BST Balance check.AXF" 
Set JLink Project File to "D:\Arduino WorkSpace\STM32平衡车1\STM32平衡车\JLinkSettings.ini"
 
JLink info:
------------
DLL: V4.15n, compiled Jun 18 2010 19:55:09
Firmware: J-Link ARM V8 compiled Aug  1 2012 13:40:47
Hardware: V8.00
S/N : 17892859 
Feature(s) : RDI,FlashDL,FlashBP,JFlash 
 
* JLink Info: Found SWD-DP with ID 0x1BA01477
* JLink Info: TPIU fitted.
* JLink Info:   FPUnit: 6 code (BP) slots and 2 literal slots
ROMTableAddr = 0xE00FF003
 
Target info:
------------
Device: STM32F103C8
VTarget = 3.280V
State of Pins: 
TCK: 0, TDI: 0, TDO: 0, TMS: 1, TRES: 1, TRST: 1
* JLink Info: Found SWD-DP with ID 0x1BA01477
* JLink Info: TPIU fitted.
* JLink Info:   FPUnit: 6 code (BP) slots and 2 literal slots
Hardware-Breakpoints: 6
Software-Breakpoints: 2048
Watchpoints:          4
JTAG speed: 1000 kHz
 
Erase Done.
Programming Done.
Verify OK.
* JLink Info: Found SWD-DP with ID 0x1BA01477
* JLink Info: TPIU fitted.
* JLink Info:   FPUnit: 6 code (BP) slots and 2 literal slots
Application running ...
Build target 'Target 1'
compiling main.c...
compiling upstandingcar.c...
linking...
Program Size: Code=37292 RO-data=3828 RW-data=532 ZI-data=1572  
FromELF: creating hex file...
".\Output\BST Balance check.axf" - 0 Error(s), 0 Warning(s).
Load "D:\\Arduino WorkSpace\\STM32平衡车1\\STM32平衡车\\Output\\BST Balance check.AXF" 
Set JLink Project File to "D:\Arduino WorkSpace\STM32平衡车1\STM32平衡车\JLinkSettings.ini"
 
JLink info:
------------
DLL: V4.15n, compiled Jun 18 2010 19:55:09
Firmware: J-Link ARM V8 compiled Aug  1 2012 13:40:47
Hardware: V8.00
S/N : 17892859 
Feature(s) : RDI,FlashDL,FlashBP,JFlash 
 
* JLink Info: Found SWD-DP with ID 0x1BA01477
* JLink Info: TPIU fitted.
* JLink Info:   FPUnit: 6 code (BP) slots and 2 literal slots
ROMTableAddr = 0xE00FF003
 
Target info:
------------
Device: STM32F103C8
VTarget = 3.668V
State of Pins: 
TCK: 0, TDI: 0, TDO: 0, TMS: 1, TRES: 1, TRST: 1
* JLink Info: Found SWD-DP with ID 0x1BA01477
* JLink Info: TPIU fitted.
* JLink Info:   FPUnit: 6 code (BP) slots and 2 literal slots
Hardware-Breakpoints: 6
Software-Breakpoints: 2048
Watchpoints:          4
JTAG speed: 1000 kHz
 
Erase Done.
Programming Done.
Verify OK.
* JLink Info: Found SWD-DP with ID 0x1BA01477
* JLink Info: TPIU fitted.
* JLink Info:   FPUnit: 6 code (BP) slots and 2 literal slots
Application running ...
Build target 'Target 1'
compiling upstandingcar.c...
User\upstandingcar.c(502): warning:  #177-D: variable "str" was declared but never referenced
User\upstandingcar.c:           char str[80] = {0};
User\upstandingcar.c:                ^
User\upstandingcar.c: User\upstandingcar.c: 1 warning, 0 errors
linking...
Program Size: Code=36972 RO-data=3828 RW-data=532 ZI-data=1572  
FromELF: creating hex file...
".\Output\BST Balance check.axf" - 0 Error(s), 1 Warning(s).
Load "D:\\Arduino WorkSpace\\STM32平衡车1\\STM32平衡车\\Output\\BST Balance check.AXF" 
Set JLink Project File to "D:\Arduino WorkSpace\STM32平衡车1\STM32平衡车\JLinkSettings.ini"
 
JLink info:
------------
DLL: V4.15n, compiled Jun 18 2010 19:55:09
Firmware: J-Link ARM V8 compiled Aug  1 2012 13:40:47
Hardware: V8.00
S/N : 17892859 
Feature(s) : RDI,FlashDL,FlashBP,JFlash 
 
* JLink Info: Found SWD-DP with ID 0x1BA01477
* JLink Info: TPIU fitted.
* JLink Info:   FPUnit: 6 code (BP) slots and 2 literal slots
ROMTableAddr = 0xE00FF003
 
Target info:
------------
Device: STM32F103C8
VTarget = 3.280V
State of Pins: 
TCK: 0, TDI: 0, TDO: 0, TMS: 1, TRES: 1, TRST: 1
* JLink Info: Found SWD-DP with ID 0x1BA01477
* JLink Info: TPIU fitted.
* JLink Info:   FPUnit: 6 code (BP) slots and 2 literal slots
Hardware-Breakpoints: 6
Software-Breakpoints: 2048
Watchpoints:          4
JTAG speed: 1000 kHz
 
Erase Done.
Programming Done.
Verify OK.
* JLink Info: Found SWD-DP with ID 0x1BA01477
* JLink Info: TPIU fitted.
* JLink Info:   FPUnit: 6 code (BP) slots and 2 literal slots
Application running ...
Build target 'Target 1'
compiling upstandingcar.c...
User\upstandingcar.c(502): warning:  #177-D: variable "str" was declared but never referenced
User\upstandingcar.c:           char str[80] = {0};
User\upstandingcar.c:                ^
User\upstandingcar.c(503): warning:  #550-D: variable "sLence" was set but never used
User\upstandingcar.c:           float ls, rs, sLence;
User\upstandingcar.c:                         ^
User\upstandingcar.c: User\upstandingcar.c: 2 warnings, 0 errors
linking...
Program Size: Code=36988 RO-data=3828 RW-data=532 ZI-data=1572  
FromELF: creating hex file...
".\Output\BST Balance check.axf" - 0 Error(s), 2 Warning(s).
Build target 'Target 1'
compiling upstandingcar.c...
User\upstandingcar.c(502): warning:  #550-D: variable "sLence" was set but never used
User\upstandingcar.c:           float ls, rs, sLence;
User\upstandingcar.c:                         ^
User\upstandingcar.c: User\upstandingcar.c: 1 warning, 0 errors
linking...
Program Size: Code=36972 RO-data=3828 RW-data=532 ZI-data=1572  
FromELF: creating hex file...
".\Output\BST Balance check.axf" - 0 Error(s), 1 Warning(s).
Build target 'Target 1'
compiling upstandingcar.c...
linking...
Program Size: Code=36964 RO-data=3828 RW-data=532 ZI-data=1572  
FromELF: creating hex file...
".\Output\BST Balance check.axf" - 0 Error(s), 0 Warning(s).
Load "D:\\Arduino WorkSpace\\STM32平衡车1\\STM32平衡车\\Output\\BST Balance check.AXF" 
Set JLink Project File to "D:\Arduino WorkSpace\STM32平衡车1\STM32平衡车\JLinkSettings.ini"
 
JLink info:
------------
DLL: V4.15n, compiled Jun 18 2010 19:55:09
Firmware: J-Link ARM V8 compiled Aug  1 2012 13:40:47
Hardware: V8.00
S/N : 17892859 
Feature(s) : RDI,FlashDL,FlashBP,JFlash 
 
**JLink Warning: RESET (pin 15) high, but should be low. Please check target hardware.
**JLink Warning: No matching core found.
* JLink Info: SYSRESETREQ has confused core. Trying to reconnect and use VECTRESET.
**JLink Warning: RESET (pin 15) high, but should be low. Please check target hardware.
**JLink Warning: Failed to reset CPU. VECTRESET has confused core.
**JLink Warning: RESET (pin 15) high, but should be low. Please check target hardware.
**JLink Warning: CPU did not halt after reset.
* JLink Info: Core did not halt after reset, trying to disable WDT.
**JLink Warning: RESET (pin 15) high, but should be low. Please check target hardware.
**JLink Warning: CPU did not halt after reset.
* JLink Info: Core did not halt after reset, trying to disable WDT.
**JLink Warning: RESET (pin 15) high, but should be low. Please check target hardware.
* JLink Info: CPU core locked up
* JLink Info: CPU halted
* JLink Info: CPU core locked up
* JLink Info: CPU halted
**JLink Warning: S_RESET_ST not cleared
* JLink Info: Found SWD-DP with ID 0x1BA01477
***JLink Error: Supply voltage too low (1 Volt is required, Measured: 0.0 Volt).
Please check target power.
CPU not halted
**JLink Warning: Target system has been power-cycled
* JLink Info: Found SWD-DP with ID 0x1BA01477
* JLink Info: TPIU fitted.
* JLink Info:   FPUnit: 6 code (BP) slots and 2 literal slots
ROMTableAddr = 0xE00FF003
 
Target info:
------------
Device: STM32F103C8
VTarget = 3.280V
State of Pins: 
TCK: 0, TDI: 0, TDO: 0, TMS: 1, TRES: 0, TRST: 0
* JLink Info: Found SWD-DP with ID 0x1BA01477
* JLink Info: TPIU fitted.
* JLink Info:   FPUnit: 6 code (BP) slots and 2 literal slots
Hardware-Breakpoints: 6
Software-Breakpoints: 2048
Watchpoints:          4
JTAG speed: 1000 kHz
 
Erase Done.
Programming Done.
Verify OK.
* JLink Info: Found SWD-DP with ID 0x1BA01477
* JLink Info: TPIU fitted.
* JLink Info:   FPUnit: 6 code (BP) slots and 2 literal slots
Application running ...
Load "D:\\Arduino WorkSpace\\STM32平衡车1\\STM32平衡车\\Output\\BST Balance check.AXF" 
Set JLink Project File to "D:\Arduino WorkSpace\STM32平衡车1\STM32平衡车\JLinkSettings.ini"
 
JLink info:
------------
DLL: V4.15n, compiled Jun 18 2010 19:55:09
Firmware: J-Link ARM V8 compiled Aug  1 2012 13:40:47
Hardware: V8.00
S/N : 17892859 
Feature(s) : RDI,FlashDL,FlashBP,JFlash 
 
* JLink Info: Found SWD-DP with ID 0x1BA01477
* JLink Info: TPIU fitted.
* JLink Info:   FPUnit: 6 code (BP) slots and 2 literal slots
ROMTableAddr = 0xE00FF003
 
Target info:
------------
Device: STM32F103C8
VTarget = 3.280V
State of Pins: 
TCK: 0, TDI: 0, TDO: 0, TMS: 1, TRES: 1, TRST: 1
* JLink Info: Found SWD-DP with ID 0x1BA01477
* JLink Info: TPIU fitted.
* JLink Info:   FPUnit: 6 code (BP) slots and 2 literal slots
Hardware-Breakpoints: 6
Software-Breakpoints: 2048
Watchpoints:          4
JTAG speed: 1000 kHz
 
Erase Done.
Programming Done.
Verify OK.
* JLink Info: Found SWD-DP with ID 0x1BA01477
* JLink Info: TPIU fitted.
* JLink Info:   FPUnit: 6 code (BP) slots and 2 literal slots
Application running ...
Build target 'Target 1'
compiling main.c...
User\main.c(83): warning:  #223-D: function "SendAutoUp" declared implicitly
User\main.c:            SendAutoUp();
User\main.c:            ^
User\main.c: User\main.c: 1 warning, 0 errors
compiling upstandingcar.c...
linking...
Program Size: Code=36972 RO-data=3828 RW-data=532 ZI-data=1572  
FromELF: creating hex file...
".\Output\BST Balance check.axf" - 0 Error(s), 1 Warning(s).
Load "D:\\Arduino WorkSpace\\STM32平衡车1\\STM32平衡车\\Output\\BST Balance check.AXF" 
Set JLink Project File to "D:\Arduino WorkSpace\STM32平衡车1\STM32平衡车\JLinkSettings.ini"
 
JLink info:
------------
DLL: V4.15n, compiled Jun 18 2010 19:55:09
Firmware: J-Link ARM V8 compiled Aug  1 2012 13:40:47
Hardware: V8.00
S/N : 17892859 
Feature(s) : RDI,FlashDL,FlashBP,JFlash 
 
* JLink Info: Found SWD-DP with ID 0x1BA01477
* JLink Info: TPIU fitted.
* JLink Info:   FPUnit: 6 code (BP) slots and 2 literal slots
ROMTableAddr = 0xE00FF003
 
Target info:
------------
Device: STM32F103C8
VTarget = 3.267V
State of Pins: 
TCK: 0, TDI: 0, TDO: 0, TMS: 1, TRES: 1, TRST: 1
* JLink Info: Found SWD-DP with ID 0x1BA01477
* JLink Info: TPIU fitted.
* JLink Info:   FPUnit: 6 code (BP) slots and 2 literal slots
Hardware-Breakpoints: 6
Software-Breakpoints: 2048
Watchpoints:          4
JTAG speed: 1000 kHz
 
Erase Done.
Programming Done.
Verify OK.
* JLink Info: Found SWD-DP with ID 0x1BA01477
* JLink Info: TPIU fitted.
* JLink Info:   FPUnit: 6 code (BP) slots and 2 literal slots
Application running ...
Build target 'Target 1'
compiling main.c...
User\main.c(83): warning:  #223-D: function "SendAutoUp" declared implicitly
User\main.c:            SendAutoUp();
User\main.c:            ^
User\main.c: User\main.c: 1 warning, 0 errors
compiling upstandingcar.c...
linking...
Program Size: Code=36972 RO-data=3828 RW-data=532 ZI-data=1572  
FromELF: creating hex file...
".\Output\BST Balance check.axf" - 0 Error(s), 1 Warning(s).
Load "D:\\Arduino WorkSpace\\STM32平衡车1\\STM32平衡车\\Output\\BST Balance check.AXF" 
Set JLink Project File to "D:\Arduino WorkSpace\STM32平衡车1\STM32平衡车\JLinkSettings.ini"
 
JLink info:
------------
DLL: V4.15n, compiled Jun 18 2010 19:55:09
Firmware: J-Link ARM V8 compiled Aug  1 2012 13:40:47
Hardware: V8.00
S/N : 17892859 
Feature(s) : RDI,FlashDL,FlashBP,JFlash 
 
* JLink Info: Found SWD-DP with ID 0x1BA01477
* JLink Info: TPIU fitted.
* JLink Info:   FPUnit: 6 code (BP) slots and 2 literal slots
ROMTableAddr = 0xE00FF003
 
Target info:
------------
Device: STM32F103C8
VTarget = 3.610V
State of Pins: 
TCK: 0, TDI: 0, TDO: 0, TMS: 1, TRES: 1, TRST: 1
* JLink Info: Found SWD-DP with ID 0x1BA01477
* JLink Info: TPIU fitted.
* JLink Info:   FPUnit: 6 code (BP) slots and 2 literal slots
Hardware-Breakpoints: 6
Software-Breakpoints: 2048
Watchpoints:          4
JTAG speed: 1000 kHz
 
Erase Done.
Programming Done.
Verify OK.
* JLink Info: Found SWD-DP with ID 0x1BA01477
* JLink Info: TPIU fitted.
* JLink Info:   FPUnit: 6 code (BP) slots and 2 literal slots
Application running ...
Build target 'Target 1'
compiling upstandingcar.c...
linking...
Program Size: Code=36972 RO-data=3828 RW-data=532 ZI-data=1572  
FromELF: creating hex file...
".\Output\BST Balance check.axf" - 0 Error(s), 0 Warning(s).
Load "D:\\Arduino WorkSpace\\STM32平衡车1\\STM32平衡车\\Output\\BST Balance check.AXF" 
Set JLink Project File to "D:\Arduino WorkSpace\STM32平衡车1\STM32平衡车\JLinkSettings.ini"
 
JLink info:
------------
DLL: V4.15n, compiled Jun 18 2010 19:55:09
Firmware: J-Link ARM V8 compiled Aug  1 2012 13:40:47
Hardware: V8.00
S/N : 17892859 
Feature(s) : RDI,FlashDL,FlashBP,JFlash 
 
* JLink Info: Found SWD-DP with ID 0x1BA01477
* JLink Info: TPIU fitted.
* JLink Info:   FPUnit: 6 code (BP) slots and 2 literal slots
ROMTableAddr = 0xE00FF003
 
Target info:
------------
Device: STM32F103C8
VTarget = 3.319V
State of Pins: 
TCK: 0, TDI: 0, TDO: 0, TMS: 1, TRES: 1, TRST: 1
* JLink Info: Found SWD-DP with ID 0x1BA01477
* JLink Info: TPIU fitted.
* JLink Info:   FPUnit: 6 code (BP) slots and 2 literal slots
Hardware-Breakpoints: 6
Software-Breakpoints: 2048
Watchpoints:          4
JTAG speed: 1000 kHz
 
Erase Done.
Programming Done.
Verify OK.
* JLink Info: Found SWD-DP with ID 0x1BA01477
* JLink Info: TPIU fitted.
* JLink Info:   FPUnit: 6 code (BP) slots and 2 literal slots
Application running ...
Build target 'Target 1'
compiling main.c...
compiling stm32f10x_it.c...
compiling upstandingcar.c...
compiling timer.c...
linking...
Program Size: Code=36980 RO-data=3828 RW-data=532 ZI-data=1572  
FromELF: creating hex file...
".\Output\BST Balance check.axf" - 0 Error(s), 0 Warning(s).
Load "D:\\Arduino WorkSpace\\STM32平衡车1\\STM32平衡车\\Output\\BST Balance check.AXF" 
Set JLink Project File to "D:\Arduino WorkSpace\STM32平衡车1\STM32平衡车\JLinkSettings.ini"
 
JLink info:
------------
DLL: V4.15n, compiled Jun 18 2010 19:55:09
Firmware: J-Link ARM V8 compiled Aug  1 2012 13:40:47
Hardware: V8.00
S/N : 17892859 
Feature(s) : RDI,FlashDL,FlashBP,JFlash 
 
* JLink Info: Found SWD-DP with ID 0x1BA01477
* JLink Info: TPIU fitted.
* JLink Info:   FPUnit: 6 code (BP) slots and 2 literal slots
ROMTableAddr = 0xE00FF003
 
Target info:
------------
Device: STM32F103C8
VTarget = 3.287V
State of Pins: 
TCK: 0, TDI: 0, TDO: 0, TMS: 1, TRES: 1, TRST: 1
* JLink Info: Found SWD-DP with ID 0x1BA01477
* JLink Info: TPIU fitted.
* JLink Info:   FPUnit: 6 code (BP) slots and 2 literal slots
Hardware-Breakpoints: 6
Software-Breakpoints: 2048
Watchpoints:          4
JTAG speed: 1000 kHz
 
Erase Done.
Programming Done.
Verify OK.
* JLink Info: Found SWD-DP with ID 0x1BA01477
* JLink Info: TPIU fitted.
* JLink Info:   FPUnit: 6 code (BP) slots and 2 literal slots
Application running ...
