<html>
<body>
<pre>
<h1>礦ision Build Log</h1>
<h2>Project:</h2>
E:\亚博开发板\亚博大板工程\平衡小车\stm32版本\光盘资料\1.BST 平衡小车主程序\1.BST平衡小车（高配 （超声波、蓝牙遥控、自旋转））\BST Balance.uvproj
Project File Date:  08/31/2015

<h2>Output:</h2>
Build target 'Target 1'
compiling inv_mpu.c...
linking...
Program Size: Code=35052 RO-data=3732 RW-data=364 ZI-data=1668  
FromELF: creating hex file...
".\Output\BST Balance.axf" - 0 Error(s), 0 Warning(s).
Build target 'Target 1'
compiling I2C_MPU6050.c...
compiling main.c...
compiling MPU6050.c...
compiling stm32f10x_it.c...
compiling upstandingcar.c...
User\upstandingcar.c(146): error:  #29: expected an expression
User\upstandingcar.c:           BST_fCarAngle = Roll - CAR_ZERO_ANGLE;                                                                                                     //DMP ROLL滚动方向角度与预设小车倾斜角度值的差得出角度
User\upstandingcar.c:                                  ^
User\upstandingcar.c: User\upstandingcar.c: 0 warnings, 1 error
Target not created
Build target 'Target 1'
compiling MPU6050.c...
compiling upstandingcar.c...
User\upstandingcar.c(146): error:  #29: expected an expression
User\upstandingcar.c:           BST_fCarAngle = Roll - CAR_ZERO_ANGLE;                                                                                                     //DMP ROLL滚动方向角度与预设小车倾斜角度值的差得出角度
User\upstandingcar.c:                                  ^
User\upstandingcar.c: User\upstandingcar.c: 0 warnings, 1 error
Target not created
Build target 'Target 1'
compiling I2C_MPU6050.c...
compiling main.c...
compiling stm32f10x_it.c...
compiling upstandingcar.c...
linking...
Program Size: Code=35056 RO-data=3728 RW-data=364 ZI-data=1668  
FromELF: creating hex file...
".\Output\BST Balance.axf" - 0 Error(s), 0 Warning(s).
Build target 'Target 1'
compiling MPU6050.c...
linking...
Program Size: Code=35056 RO-data=3728 RW-data=364 ZI-data=1668  
FromELF: creating hex file...
".\Output\BST Balance.axf" - 0 Error(s), 0 Warning(s).
Build target 'Target 1'
compiling MPU6050.c...
compiling inv_mpu.c...
linking...
Program Size: Code=35052 RO-data=3732 RW-data=364 ZI-data=1668  
FromELF: creating hex file...
".\Output\BST Balance.axf" - 0 Error(s), 0 Warning(s).
Build target 'Target 1'
linking...
Program Size: Code=35052 RO-data=3732 RW-data=364 ZI-data=1668  
FromELF: creating hex file...
".\Output\BST Balance.axf" - 0 Error(s), 0 Warning(s).
Build target 'Target 1'
compiling inv_mpu_dmp_motion_driver.c...
linking...
Program Size: Code=35052 RO-data=3732 RW-data=364 ZI-data=1668  
FromELF: creating hex file...
".\Output\BST Balance.axf" - 0 Error(s), 0 Warning(s).
Build target 'Target 1'
compiling inv_mpu_dmp_motion_driver.c...
linking...
Program Size: Code=35052 RO-data=3732 RW-data=364 ZI-data=1668  
FromELF: creating hex file...
".\Output\BST Balance.axf" - 0 Error(s), 0 Warning(s).
Build target 'Target 1'
compiling inv_mpu_dmp_motion_driver.c...
linking...
Program Size: Code=35052 RO-data=3732 RW-data=364 ZI-data=1668  
FromELF: creating hex file...
".\Output\BST Balance.axf" - 0 Error(s), 0 Warning(s).
Build target 'Target 1'
compiling inv_mpu_dmp_motion_driver.c...
linking...
Program Size: Code=35052 RO-data=3732 RW-data=364 ZI-data=1668  
FromELF: creating hex file...
".\Output\BST Balance.axf" - 0 Error(s), 0 Warning(s).
Build target 'Target 1'
compiling inv_mpu_dmp_motion_driver.c...
linking...
Program Size: Code=35052 RO-data=3732 RW-data=364 ZI-data=1668  
FromELF: creating hex file...
".\Output\BST Balance.axf" - 0 Error(s), 0 Warning(s).
Build target 'Target 1'
compiling misc.c...
compiling stm32f10x_dma.c...
compiling stm32f10x_exti.c...
compiling stm32f10x_gpio.c...
compiling stm32f10x_i2c.c...
compiling stm32f10x_rcc.c...
compiling stm32f10x_tim.c...
compiling stm32f10x_usart.c...
compiling stm32f10x_adc.c...
compiling stm32f10x_bkp.c...
compiling stm32f10x_can.c...
compiling stm32f10x_cec.c...
compiling stm32f10x_crc.c...
compiling stm32f10x_dac.c...
compiling stm32f10x_dbgmcu.c...
compiling stm32f10x_flash.c...
compiling stm32f10x_fsmc.c...
compiling stm32f10x_iwdg.c...
compiling stm32f10x_pwr.c...
compiling stm32f10x_rtc.c...
compiling stm32f10x_sdio.c...
compiling stm32f10x_spi.c...
compiling stm32f10x_wwdg.c...
compiling core_cm3.c...
compiling system_stm32f10x.c...
compiling delay.c...
compiling I2C.c...
compiling I2C_MPU6050.c...
compiling led.c...
compiling main.c...
compiling motor.c...
compiling MPU6050.c...
compiling OUTPUTDATA.c...
compiling pwm.c...
compiling stm32f10x_it.c...
compiling systick.c...
compiling upstandingcar.c...
compiling usart.c...
compiling timer.c...
compiling UltrasonicWave.c...
assembling startup_stm32f10x_md.s...
compiling inv_mpu.c...
compiling inv_mpu_dmp_motion_driver.c...
linking...
Program Size: Code=35052 RO-data=3732 RW-data=364 ZI-data=1668  
FromELF: creating hex file...
"..\2.测试程序\BST Balance MIX.axf" - 0 Error(s), 0 Warning(s).
Build target 'Target 1'
compiling misc.c...
compiling stm32f10x_dma.c...
compiling stm32f10x_exti.c...
compiling stm32f10x_gpio.c...
compiling stm32f10x_i2c.c...
compiling stm32f10x_rcc.c...
compiling stm32f10x_tim.c...
compiling stm32f10x_usart.c...
compiling stm32f10x_adc.c...
compiling stm32f10x_bkp.c...
compiling stm32f10x_can.c...
compiling stm32f10x_cec.c...
compiling stm32f10x_crc.c...
compiling stm32f10x_dac.c...
compiling stm32f10x_dbgmcu.c...
compiling stm32f10x_flash.c...
compiling stm32f10x_fsmc.c...
compiling stm32f10x_iwdg.c...
compiling stm32f10x_pwr.c...
compiling stm32f10x_rtc.c...
compiling stm32f10x_sdio.c...
compiling stm32f10x_spi.c...
compiling stm32f10x_wwdg.c...
compiling core_cm3.c...
compiling system_stm32f10x.c...
compiling delay.c...
compiling I2C.c...
compiling I2C_MPU6050.c...
compiling led.c...
compiling main.c...
compiling motor.c...
compiling MPU6050.c...
compiling OUTPUTDATA.c...
compiling pwm.c...
compiling stm32f10x_it.c...
compiling systick.c...
compiling upstandingcar.c...
compiling usart.c...
compiling timer.c...
compiling UltrasonicWave.c...
assembling startup_stm32f10x_md.s...
compiling inv_mpu.c...
compiling inv_mpu_dmp_motion_driver.c...
linking...
Program Size: Code=35052 RO-data=3732 RW-data=364 ZI-data=1668  
FromELF: creating hex file...
"..\2.测试程序\BST Balance check.axf" - 0 Error(s), 0 Warning(s).
